Archive member included to satisfy reference by file (symbol)

miosix/libmiosix.a(kernel.o)  player.o (_ZN6miosix11pauseKernelEv)
miosix/libmiosix.a(sync.o)    player.o (_ZN6miosix5MutexC1ENS0_7OptionsE)
miosix/libmiosix.a(error.o)   player.o (_ZN6miosix12errorHandlerENS_5ErrorE)
miosix/libmiosix.a(stage_2_boot.o)
                              miosix/libmiosix.a(kernel.o) (_ZN6miosix10mainLoaderEPv)
miosix/libmiosix.a(intrusive.o)
                              miosix/libmiosix.a(sync.o) (_ZN6miosix17IntrusiveListBase9push_backEPNS_17IntrusiveListItemE)
miosix/libmiosix.a(priority_scheduler.o)
                              miosix/libmiosix.a(kernel.o) (_ZN6miosix17PriorityScheduler11PKaddThreadEPNS_6ThreadENS_25PrioritySchedulerPriorityE)
miosix/libmiosix.a(console_device.o)
                              miosix/libmiosix.a(error.o) (_ZN6miosix14DefaultConsole8instanceEv)
miosix/libmiosix.a(devfs.o)   miosix/libmiosix.a(console_device.o) (_ZNK6miosix6Device5fstatEP4stat)
miosix/libmiosix.a(libc_integration.o)
                              miosix/libmiosix.a(kernel.o) (_ZN6miosix22setCReentrancyCallbackEPFP6_reentvE)
miosix/libmiosix.a(libstdcpp_integration.o)
                              player.o (__cxa_guard_acquire)
miosix/libmiosix.a(util.o)    miosix/libmiosix.a(stage_2_boot.o) (_ZN6miosix15MemoryProfiling11getHeapSizeEv)
miosix/libmiosix.a(version.o)
                              miosix/libmiosix.a(stage_2_boot.o) (_ZN6miosix16getMiosixVersionEv)
miosix/libmiosix.a(bsp.o)     miosix/libmiosix.a(stage_2_boot.o) (_ZN6miosix8shutdownEv)
miosix/libmiosix.a(interrupts_cortexMx.o)
                              miosix/arch/cortexM4_stm32f4/stm32f407vg_stm32f4discovery/core/stage_1_boot.o (_Z17HardFault_Handlerv)
miosix/libmiosix.a(serial_stm32.o)
                              miosix/libmiosix.a(bsp.o) (_ZN6miosix11STM32SerialC1EiiNS0_8FlowCtrlE)
miosix/libmiosix.a(portability.o)
                              miosix/arch/cortexM4_stm32f4/stm32f407vg_stm32f4discovery/core/stage_1_boot.o (_Z11SVC_Handlerv)
miosix/libmiosix.a(delays.o)  miosix/libmiosix.a(bsp.o) (_ZN6miosix7delayMsEj)
miosix/libmiosix.a(gpio_impl.o)
                              player.o (_ZN6miosix8GpioBase8modeImplEjhNS_4Mode5Mode_E)
miosix/libmiosix.a(sd_stm32f2_f4_f7.o)
                              miosix/libmiosix.a(bsp.o) (_ZN6miosix10SDIODriver8instanceEv)
miosix/libmiosix.a(stm32f2_f4_l4_f7_h7_os_timer.o)
                              miosix/libmiosix.a(kernel.o) (_ZN6miosix7getTimeEv)
miosix/libmiosix.a(system_stm32f4xx.o)
                              miosix/arch/cortexM4_stm32f4/stm32f407vg_stm32f4discovery/core/stage_1_boot.o (SystemInit)
miosix/libmiosix.a(pthread.o)
                              miosix/libmiosix.a(console_device.o) (pthread_mutexattr_init)
miosix/libmiosix.a(timeconversion.o)
                              miosix/libmiosix.a(stm32f2_f4_l4_f7_h7_os_timer.o) (_ZN6miosix11mul64x32d32Eyjj)
miosix/libmiosix.a(file_access.o)
                              miosix/libmiosix.a(bsp.o) (_ZN6miosix17FilesystemManager8instanceEv)
miosix/libmiosix.a(file.o)    miosix/libmiosix.a(devfs.o) (_ZNK6miosix8FileBase6isattyEv)
miosix/libmiosix.a(stringpart.o)
                              miosix/libmiosix.a(devfs.o) (_ZN6miosix10StringPartC1EPKc)
miosix/libmiosix.a(mountpointfs.o)
                              miosix/libmiosix.a(file_access.o) (_ZTVN6miosix12MountpointFsE)
miosix/libmiosix.a(fat32.o)   miosix/libmiosix.a(file_access.o) (_ZN6miosix7Fat32FsC1ENS_17intrusive_ref_ptrINS_8FileBaseEEE)
miosix/libmiosix.a(ff.o)      miosix/libmiosix.a(fat32.o) (_Z10f_closedirP4DIR_)
miosix/libmiosix.a(diskio.o)  miosix/libmiosix.a(ff.o) (_Z9disk_readN6miosix17intrusive_ref_ptrINS_8FileBaseEEEPhmj)
miosix/libmiosix.a(wtoupper.o)
                              miosix/libmiosix.a(ff.o) (_Z11ff_wtouppert)
miosix/libmiosix.a(ccsbcs.o)  miosix/libmiosix.a(ff.o) (_Z10ff_converttj)
miosix/libmiosix.a(unicode.o)
                              miosix/libmiosix.a(ff.o) (_ZN6miosix7Unicode7putUtf8EPcDii)
/opt/arm-miosix-eabi/bin/../lib/gcc/arm-miosix-eabi/9.2.0/../../../../arm-miosix-eabi/lib/thumb/cm4/hardfp/fpv4sp/libstdc++.a(atexit_arm.o)
                              player.o (__aeabi_atexit)
/opt/arm-miosix-eabi/bin/../lib/gcc/arm-miosix-eabi/9.2.0/../../../../arm-miosix-eabi/lib/thumb/cm4/hardfp/fpv4sp/libstdc++.a(class_type_info.o)
                              player.o (_ZTVN10__cxxabiv117__class_type_infoE)
/opt/arm-miosix-eabi/bin/../lib/gcc/arm-miosix-eabi/9.2.0/../../../../arm-miosix-eabi/lib/thumb/cm4/hardfp/fpv4sp/libstdc++.a(del_op.o)
                              player.o (_ZdlPv)
/opt/arm-miosix-eabi/bin/../lib/gcc/arm-miosix-eabi/9.2.0/../../../../arm-miosix-eabi/lib/thumb/cm4/hardfp/fpv4sp/libstdc++.a(del_ops.o)
                              player.o (_ZdlPvj)
/opt/arm-miosix-eabi/bin/../lib/gcc/arm-miosix-eabi/9.2.0/../../../../arm-miosix-eabi/lib/thumb/cm4/hardfp/fpv4sp/libstdc++.a(del_opv.o)
[...]
Memory Configuration

Name             Origin             Length             Attributes
flash            0x0000000008000000 0x0000000000100000 xr
smallram         0x0000000010000200 0x000000000000fe00 xw
largeram         0x0000000020000000 0x0000000000020000 xw
*default*        0x0000000000000000 0xffffffffffffffff

Linker script and memory map

                0x0000000000000200                _main_stack_size = 0x200
                0x0000000010000200                _main_stack_top = (0x10000000 + _main_stack_size)
                0x0000000000000001                ASSERT (((_main_stack_size % 0x8) == 0x0), MAIN stack size error)
                0x0000000020000000                _end = 0x20000000
                0x0000000020020000                _heap_end = 0x20020000
                0x0000000000000000                . = 0x0

.text           0x0000000008000000    0x28320
 *(.isr_vector)
 .isr_vector    0x0000000008000000      0x188 miosix/arch/cortexM4_stm32f4/stm32f407vg_stm32f4discovery/core/stage_1_boot.o
                0x0000000008000000                __Vectors
 *(.text)
 .text          0x0000000008000188       0x10 /opt/arm-miosix-eabi/bin/../lib/gcc/arm-miosix-eabi/9.2.0/../../../../arm-miosix-eabi/lib/thumb/cm4/hardfp/fpv4sp/libc.a(lib_a-abort.o)
                0x0000000008000188                abort
 .text          0x0000000008000198       0x48 /opt/arm-miosix-eabi/bin/../lib/gcc/arm-miosix-eabi/9.2.0/../../../../arm-miosix-eabi/lib/thumb/cm4/hardfp/fpv4sp/libc.a(lib_a-assert.o)
                0x0000000008000198                __assert_func
                0x00000000080001d4                __assert
 .text          0x00000000080001e0       0x14 /opt/arm-miosix-eabi/bin/../lib/gcc/arm-miosix-eabi/9.2.0/../../../../arm-miosix-eabi/lib/thumb/cm4/hardfp/fpv4sp/libc.a(lib_a-cxa_atexit.o)
                0x00000000080001e0                __cxa_atexit
 .text          0x00000000080001f4      0x2b4 /opt/arm-miosix-eabi/bin/../lib/gcc/arm-miosix-eabi/9.2.0/../../../../arm-miosix-eabi/lib/thumb/cm4/hardfp/fpv4sp/libc.a(lib_a-findfp.o)
                0x0000000008000244                _cleanup_r
                0x00000000080002c4                __sfmoreglue
                0x00000000080002f0                _cleanup
                0x00000000080002fc                __sinit
                0x0000000008000378                __sfp
                0x0000000008000438                __sfp_lock_acquire
                0x0000000008000444                __sfp_lock_release
                0x0000000008000450                __sinit_lock_acquire
                0x000000000800045c                __sinit_lock_release
                0x0000000008000468                __fp_lock_all
                0x0000000008000488                __fp_unlock_all
 .text          0x00000000080004a8       0x48 /opt/arm-miosix-eabi/bin/../lib/gcc/arm-miosix-eabi/9.2.0/../../../../arm-miosix-eabi/lib/thumb/cm4/hardfp/fpv4sp/libc.a(lib_a-fiprintf.o)
                0x00000000080004a8                _fiprintf_r
                0x00000000080004c4                fiprintf
 .text          0x00000000080004f0       0x88 /opt/arm-miosix-eabi/bin/../lib/gcc/arm-miosix-eabi/9.2.0/../../../../arm-miosix-eabi/lib/thumb/cm4/hardfp/fpv4sp/libc.a(lib_a-fwalk.o)
                0x00000000080004f0                _fwalk
                0x0000000008000530                _fwalk_reent
 .text          0x0000000008000578       0x88 /opt/arm-miosix-eabi/bin/../lib/gcc/arm-miosix-eabi/9.2.0/../../../../arm-miosix-eabi/lib/thumb/cm4/hardfp/fpv4sp/libc.a(lib_a-mallinfor.o)
                0x0000000008000578                __malloc_update_mallinfo
                0x00000000080005cc                _mallinfo_r
 .text          0x0000000008000600       0x30 /opt/arm-miosix-eabi/bin/../lib/gcc/arm-miosix-eabi/9.2.0/../../../../arm-miosix-eabi/lib/thumb/cm4/hardfp/fpv4sp/libc.a(lib_a-malloc.o)
                0x0000000008000600                malloc
                0x0000000008000618                free
 .text          0x0000000008000630      0x568 /opt/arm-miosix-eabi/bin/../lib/gcc/arm-miosix-eabi/9.2.0/../../../../arm-miosix-eabi/lib/thumb/cm4/hardfp/fpv4sp/libc.a(lib_a-mallocr.o)
                0x0000000008000630                _malloc_r
 *fill*         0x0000000008000b98        0x8 
 .text          0x0000000008000ba0       0xa0 /opt/arm-miosix-eabi/bin/../lib/gcc/arm-miosix-eabi/9.2.0/../../../../arm-miosix-eabi/lib/thumb/cm4/hardfp/fpv4sp/libc.a(lib_a-memchr.o)
                0x0000000008000ba0                memchr
 .text          0x0000000008000c40       0x60 /opt/arm-miosix-eabi/bin/../lib/gcc/arm-miosix-eabi/9.2.0/../../../../arm-miosix-eabi/lib/thumb/cm4/hardfp/fpv4sp/libc.a(lib_a-memcmp.o)
                0x0000000008000c40                memcmp
 .text          0x0000000008000ca0      0x134 /opt/arm-miosix-eabi/bin/../lib/gcc/arm-miosix-eabi/9.2.0/../../../../arm-miosix-eabi/lib/thumb/cm4/hardfp/fpv4sp/libc.a(lib_a-memcpy.o)
                0x0000000008000ca0                memcpy
 .text          0x0000000008000dd4       0xd8 /opt/arm-miosix-eabi/bin/../lib/gcc/arm-miosix-eabi/9.2.0/../../../../arm-miosix-eabi/lib/thumb/cm4/hardfp/fpv4sp/libc.a(lib_a-memmove.o)
                0x0000000008000dd4                memmove
 .text          0x0000000008000eac       0x84 /opt/arm-miosix-eabi/bin/../lib/gcc/arm-miosix-eabi/9.2.0/../../../../arm-miosix-eabi/lib/thumb/cm4/hardfp/fpv4sp/libc.a(lib_a-memrchr.o)
                0x0000000008000eac                memrchr
 .text          0x0000000008000f30       0xa0 /opt/arm-miosix-eabi/bin/../lib/gcc/arm-miosix-eabi/9.2.0/../../../../arm-miosix-eabi/lib/thumb/cm4/hardfp/fpv4sp/libc.a(lib_a-memset.o)
                0x0000000008000f30                memset
 .text          0x0000000008000fd0       0x3c /opt/arm-miosix-eabi/bin/../lib/gcc/arm-miosix-eabi/9.2.0/../../../../arm-miosix-eabi/lib/thumb/cm4/hardfp/fpv4sp/libc.a(lib_a-raise.o)
                0x0000000008000fd0                raise
                0x0000000008000ff0                _raise_r
 .text          0x000000000800100c       0xe8 /opt/arm-miosix-eabi/bin/../lib/gcc/arm-miosix-eabi/9.2.0/../../../../arm-miosix-eabi/lib/thumb/cm4/hardfp/fpv4sp/libc.a(lib_a-reent.o)
                0x000000000800100c                cleanup_glue
                0x0000000008001028                _reclaim_reent
 .text          0x00000000080010f4       0xc0 /opt/arm-miosix-eabi/bin/../lib/gcc/arm-miosix-eabi/9.2.0/../../../../arm-miosix-eabi/lib/thumb/cm4/hardfp/fpv4sp/libc.a(lib_a-stdio.o)
                0x00000000080010f4                __sread
                0x0000000008001120                __seofread
                0x0000000008001124                __swrite
                0x000000000800116c                __sseek
                0x00000000080011ac                __sclose
 .text          0x00000000080011b4       0xd0 /opt/arm-miosix-eabi/bin/../lib/gcc/arm-miosix-eabi/9.2.0/../../../../arm-miosix-eabi/lib/thumb/cm4/hardfp/fpv4sp/libc.a(lib_a-strchr.o)
                0x00000000080011b4                strchr
 *fill*         0x0000000008001284       0x1c 
 .text          0x00000000080012a0      0x2dc /opt/arm-miosix-eabi/bin/../lib/gcc/arm-miosix-eabi/9.2.0/../../../../arm-miosix-eabi/lib/thumb/cm4/hardfp/fpv4sp/libc.a(lib_a-strcmp.o)
                0x00000000080012a8                strcmp
 .text          0x000000000800157c       0xbc /opt/arm-miosix-eabi/bin/../lib/gcc/arm-miosix-eabi/9.2.0/../../../../arm-miosix-eabi/lib/thumb/cm4/hardfp/fpv4sp/libc.a(lib_a-strcpy.o)
                0x000000000800157c                strcpy
 *fill*         0x0000000008001638        0x8 
 .text          0x0000000008001640       0xdc /opt/arm-miosix-eabi/bin/../lib/gcc/arm-miosix-eabi/9.2.0/../../../../arm-miosix-eabi/lib/thumb/cm4/hardfp/fpv4sp/libc.a(lib_a-strlen.o)
                0x0000000008001640                strlen
 .text          0x000000000800171c      0xe28 /opt/arm-miosix-eabi/bin/../lib/gcc/arm-miosix-eabi/9.2.0/../../../../arm-miosix-eabi/lib/thumb/cm4/hardfp/fpv4sp/libc.a(lib_a-vfiprintf.o)
                0x0000000008001794                __sprint_r
                0x00000000080017ac                _vfiprintf_r
                0x00000000080024b0                vfiprintf
 .text          0x0000000008002544       0x28 /opt/arm-miosix-eabi/bin/../lib/gcc/arm-miosix-eabi/9.2.0/../../../../arm-miosix-eabi/lib/thumb/cm4/hardfp/fpv4sp/libc.a(lib_a-viprintf.o)
                0x0000000008002544                viprintf
                0x0000000008002560                _viprintf_r
 .text          0x000000000800256c       0xcc /opt/arm-miosix-eabi/bin/../lib/gcc/arm-miosix-eabi/9.2.0/../../../../arm-miosix-eabi/lib/thumb/cm4/hardfp/fpv4sp/libc.a(lib_a-wsetup.o)
                0x000000000800256c                __swsetup_r
 .text          0x0000000008002638      0x108 /opt/arm-miosix-eabi/bin/../lib/gcc/arm-miosix-eabi/9.2.0/../../../../arm-miosix-eabi/lib/thumb/cm4/hardfp/fpv4sp/libc.a(lib_a-fclose.o)
                0x0000000008002638                _fclose_r
                0x0000000008002728                fclose
 .text          0x0000000008002740      0x1f4 /opt/arm-miosix-eabi/bin/../lib/gcc/arm-miosix-eabi/9.2.0/../../../../arm-miosix-eabi/lib/thumb/cm4/hardfp/fpv4sp/libc.a(lib_a-fflush.o)
                0x0000000008002740                __sflush_r
                0x0000000008002890                _fflush_r
                0x000000000800290c                fflush
 .text          0x0000000008002934      0x158 /opt/arm-miosix-eabi/bin/../lib/gcc/arm-miosix-eabi/9.2.0/../../../../arm-miosix-eabi/lib/thumb/cm4/hardfp/fpv4sp/libc.a(lib_a-fputwc.o)
                0x0000000008002934                __fputwc
                0x00000000080029dc                _fputwc_r
                0x0000000008002a54                fputwc
 .text          0x0000000008002a8c      0x2b4 /opt/arm-miosix-eabi/bin/../lib/gcc/arm-miosix-eabi/9.2.0/../../../../arm-miosix-eabi/lib/thumb/cm4/hardfp/fpv4sp/libc.a(lib_a-freer.o)
                0x0000000008002a8c                _malloc_trim_r
                0x0000000008002b2c                _free_r
 .text          0x0000000008002d40      0x2f4 /opt/arm-miosix-eabi/bin/../lib/gcc/arm-miosix-eabi/9.2.0/../../../../arm-miosix-eabi/lib/thumb/cm4/hardfp/fpv4sp/libc.a(lib_a-fvwrite.o)
                0x0000000008002d40                __sfvwrite_r
 .text          0x0000000008003034       0x60 /opt/arm-miosix-eabi/bin/../lib/gcc/arm-miosix-eabi/9.2.0/../../../../arm-miosix-eabi/lib/thumb/cm4/hardfp/fpv4sp/libc.a(lib_a-locale.o)
                0x0000000008003034                _setlocale_r
                0x0000000008003074                __locale_mb_cur_max
                0x0000000008003078                setlocale
 .text          0x0000000008003094      0x110 /opt/arm-miosix-eabi/bin/../lib/gcc/arm-miosix-eabi/9.2.0/../../../../arm-miosix-eabi/lib/thumb/cm4/hardfp/fpv4sp/libc.a(lib_a-makebuf.o)
                0x0000000008003094                __swhatbuf_r
                0x000000000800310c                __smakebuf_r
 .text          0x00000000080031a4       0x40 /opt/arm-miosix-eabi/bin/../lib/gcc/arm-miosix-eabi/9.2.0/../../../../arm-miosix-eabi/lib/thumb/cm4/hardfp/fpv4sp/libc.a(lib_a-mbtowc_r.o)
                0x00000000080031a4                _mbtowc_r
                0x00000000080031b8                __ascii_mbtowc
 .text          0x00000000080031e4      0x37c /opt/arm-miosix-eabi/bin/../lib/gcc/arm-miosix-eabi/9.2.0/../../../../arm-miosix-eabi/lib/thumb/cm4/hardfp/fpv4sp/libc.a(lib_a-reallocr.o)
                0x00000000080031e4                _realloc_r
 .text          0x0000000008003560       0xcc /opt/arm-miosix-eabi/bin/../lib/gcc/arm-miosix-eabi/9.2.0/../../../../arm-miosix-eabi/lib/thumb/cm4/hardfp/fpv4sp/libc.a(lib_a-wbuf.o)
                0x0000000008003560                __swbuf_r
                0x0000000008003610                __swbuf
 .text          0x000000000800362c       0x80 /opt/arm-miosix-eabi/bin/../lib/gcc/arm-miosix-eabi/9.2.0/../../../../arm-miosix-eabi/lib/thumb/cm4/hardfp/fpv4sp/libc.a(lib_a-wcrtomb.o)
                0x000000000800362c                _wcrtomb_r
                0x0000000008003660                wcrtomb
 .text          0x00000000080036ac       0x30 /opt/arm-miosix-eabi/bin/../lib/gcc/arm-miosix-eabi/9.2.0/../../../../arm-miosix-eabi/lib/thumb/cm4/hardfp/fpv4sp/libc.a(lib_a-wctomb_r.o)
                0x00000000080036ac                _wctomb_r
                0x00000000080036c0                __ascii_wctomb
 .text          0x00000000080036dc       0x30 /opt/arm-miosix-eabi/bin/../lib/gcc/arm-miosix-eabi/9.2.0/thumb/cm4/hardfp/fpv4sp/libgcc.a(_aeabi_uldivmod.o)
                0x00000000080036dc                __aeabi_uldivmod
 .text          0x000000000800370c      0x2c4 /opt/arm-miosix-eabi/bin/../lib/gcc/arm-miosix-eabi/9.2.0/thumb/cm4/hardfp/fpv4sp/libgcc.a(_udivmoddi4.o)
                0x000000000800370c                __udivmoddi4
 .text          0x00000000080039d0      0x9b4 /opt/arm-miosix-eabi/bin/../lib/gcc/arm-miosix-eabi/9.2.0/thumb/cm4/hardfp/fpv4sp/libgcc.a(unwind-arm.o)
                0x0000000008003c5c                _Unwind_GetCFA
                0x0000000008003c60                __gnu_Unwind_RaiseException
                0x0000000008003cc0                __gnu_Unwind_ForcedUnwind
                0x0000000008003cd4                __gnu_Unwind_Resume
                0x0000000008003d18                __gnu_Unwind_Resume_or_Rethrow
                0x0000000008003d28                _Unwind_Complete
                0x0000000008003d2c                _Unwind_DeleteException
                0x0000000008003d38                _Unwind_VRS_Get
                0x0000000008003d80                _Unwind_VRS_Set
                0x0000000008003dc8                __gnu_Unwind_Backtrace
                0x0000000008004100                __aeabi_unwind_cpp_pr0
                0x0000000008004104                __aeabi_unwind_cpp_pr1
                0x0000000008004108                __aeabi_unwind_cpp_pr2
                0x000000000800410c                _Unwind_VRS_Pop
 .text          0x0000000008004384      0x1ac /opt/arm-miosix-eabi/bin/../lib/gcc/arm-miosix-eabi/9.2.0/thumb/cm4/hardfp/fpv4sp/libgcc.a(libunwind.o)
                0x0000000008004384                __restore_core_regs
                0x0000000008004384                restore_core_regs
                0x000000000800439c                __gnu_Unwind_Restore_VFP
                0x00000000080043a4                __gnu_Unwind_Save_VFP
                0x00000000080043ac                __gnu_Unwind_Restore_VFP_D
                0x00000000080043b4                __gnu_Unwind_Save_VFP_D
                0x00000000080043bc                __gnu_Unwind_Restore_VFP_D_16_to_31
                0x00000000080043c4                __gnu_Unwind_Save_VFP_D_16_to_31
                0x00000000080043cc                __gnu_Unwind_Restore_WMMXD
                0x0000000008004410                __gnu_Unwind_Save_WMMXD
                0x0000000008004454                __gnu_Unwind_Restore_WMMXC
                0x0000000008004468                __gnu_Unwind_Save_WMMXC
                0x000000000800447c                ___Unwind_RaiseException
                0x000000000800447c                _Unwind_RaiseException
                0x00000000080044a0                ___Unwind_Resume
                0x00000000080044a0                _Unwind_Resume
                0x00000000080044c4                _Unwind_Resume_or_Rethrow
                0x00000000080044c4                ___Unwind_Resume_or_Rethrow
                0x00000000080044e8                ___Unwind_ForcedUnwind
                0x00000000080044e8                _Unwind_ForcedUnwind
                0x000000000800450c                _Unwind_Backtrace
                0x000000000800450c                ___Unwind_Backtrace
 .text          0x0000000008004530      0x348 /opt/arm-miosix-eabi/bin/../lib/gcc/arm-miosix-eabi/9.2.0/thumb/cm4/hardfp/fpv4sp/libgcc.a(pr-support.o)
                0x0000000008004588                __gnu_unwind_execute
                0x0000000008004824                __gnu_unwind_frame
                0x0000000008004850                _Unwind_GetRegionStart
                0x000000000800485c                _Unwind_GetLanguageSpecificData
                0x0000000008004870                _Unwind_GetDataRelBase
 .text          0x0000000008004878        0x4 /opt/arm-miosix-eabi/bin/../lib/gcc/arm-miosix-eabi/9.2.0/thumb/cm4/hardfp/fpv4sp/libgcc.a(_dvmd_tls.o)
                0x0000000008004878                __aeabi_ldiv0
                0x0000000008004878                __aeabi_idiv0
 *(.text.*)
 .text.startup.main
                0x000000000800487c       0x48 main.o
                0x000000000800487c                main
 .text._ZN10ADPCMSound6rewindEv
                0x00000000080048c4        0x8 player.o
                0x00000000080048c4                _ZN10ADPCMSound6rewindEv
 .text._ZN10ADPCMSoundD2Ev
                0x00000000080048cc        0x4 player.o
                0x00000000080048cc                _ZN10ADPCMSoundD2Ev
                0x00000000080048cc                _ZN10ADPCMSoundD1Ev
 .text._ZL12bufferFilledv
                0x00000000080048d0       0x54 player.o
 .text._ZN10ADPCMSoundD0Ev
                0x0000000008004924       0x10 player.o
                0x0000000008004924                _ZN10ADPCMSoundD0Ev
 .text._ZN10ADPCMSound14fillMonoBufferEPti
                0x0000000008004934       0x90 player.o
                0x0000000008004934                _ZN10ADPCMSound14fillMonoBufferEPti
 .text._ZN10ADPCMSound16fillStereoBufferEPti
                0x00000000080049c4       0x98 player.o
                0x00000000080049c4                _ZN10ADPCMSound16fillStereoBufferEPti
 .text._ZN6PlayerD2Ev
                0x0000000008004a5c       0x10 player.o
                0x0000000008004a5c                _ZN6PlayerD2Ev
                0x0000000008004a5c                _ZN6PlayerD1Ev
 .text._ZL17getWritableBufferv
                0x0000000008004a6c       0x4c player.o
 .text._ZN6miosix11SoftwareI2CINS_4GpioILj1073873920ELh9EEENS1_ILj1073873920ELh6EEELj50ELb0EE22waitForClockStretchingEv.part.0
                0x0000000008004ab8       0x28 player.o
 .text._Z23DMA1_Stream5_IRQHandlerv
                0x0000000008004ae0       0x3c player.o
                0x0000000008004ae0                _Z23DMA1_Stream5_IRQHandlerv
 .text._Z17I2SdmaHandlerImplv
                0x0000000008004b1c       0xb0 player.o
                0x0000000008004b1c                _Z17I2SdmaHandlerImplv
 .text._ZN5SoundD2Ev
                0x0000000008004bcc        0x4 player.o
                0x0000000008004bcc                _ZN5SoundD1Ev
                0x0000000008004bcc                _ZN5SoundD2Ev
 .text._ZN6Player8instanceEv
                0x0000000008004bd0       0x60 player.o
                0x0000000008004bd0                _ZN6Player8instanceEv
 .text._ZN6miosix11SoftwareI2CINS_4GpioILj1073873920ELh9EEENS1_ILj1073873920ELh6EEELj50ELb0EE4sendEh
                0x0000000008004c30       0xb4 player.o
                0x0000000008004c30                _ZN6miosix11SoftwareI2CINS_4GpioILj1073873920ELh9EEENS1_ILj1073873920ELh6EEELj50ELb0EE4sendEh
 .text._ZL11cs43l22sendhh
                0x0000000008004ce4       0x68 player.o
 .text._Z13cs43l22volumei
                0x0000000008004d4c       0x2c player.o
                0x0000000008004d4c                _Z13cs43l22volumei
 .text._ZN6Player4playER5Sound
                0x0000000008004d78      0x30c player.o
                0x0000000008004d78                _ZN6Player4playER5Sound
 .text.ADPCM_Decode
                0x0000000008005084       0x8c adpcm.o
                0x0000000008005084                ADPCM_Decode
 .text.Default_Handler
                0x0000000008005110        0x4 miosix/arch/cortexM4_stm32f4/stm32f407vg_stm32f4discovery/core/stage_1_boot.o
                0x0000000008005110                _Z18CAN1_TX_IRQHandlerv
                0x0000000008005110                _Z23DMA2_Stream1_IRQHandlerv
                0x0000000008005110                _Z23DMA2_Stream6_IRQHandlerv
                0x0000000008005110                _Z29TIM8_TRG_COM_TIM14_IRQHandlerv
                0x0000000008005110                _Z23DMA2_Stream5_IRQHandlerv
                0x0000000008005110                _Z16EXTI1_IRQHandlerv
                0x0000000008005110                _Z25OTG_HS_EP1_OUT_IRQHandlerv
                0x0000000008005110                _Z15SysTick_Handlerv
                0x0000000008005110                _Z15DCMI_IRQHandlerv
                0x0000000008005110                _Z15WWDG_IRQHandlerv
                0x0000000008005110                _Z14RCC_IRQHandlerv
                0x0000000008005110                _Z19CAN1_SCE_IRQHandlerv
                0x0000000008005110                _Z19CAN2_RX1_IRQHandlerv
                0x0000000008005110                _Z23DMA1_Stream0_IRQHandlerv
                0x0000000008005110                _Z23DMA1_Stream6_IRQHandlerv
                0x0000000008005110                _Z23DMA1_Stream2_IRQHandlerv
                0x0000000008005110                _Z20EXTI15_10_IRQHandlerv
                0x0000000008005110                _Z16EXTI4_IRQHandlerv
                0x0000000008005110                _Z15SPI1_IRQHandlerv
                0x0000000008005110                _Z23DMA1_Stream7_IRQHandlerv
                0x0000000008005110                _Z21TAMP_STAMP_IRQHandlerv
                0x0000000008005110                _Z15CRYP_IRQHandlerv
                0x0000000008005110                _Z19HASH_RNG_IRQHandlerv
                0x0000000008005110                _Z19CAN1_RX0_IRQHandlerv
                0x0000000008005110                _Z14ADC_IRQHandlerv
                0x0000000008005110                _Z17USART6_IRQHandlerv
                0x0000000008005110                _Z16EXTI2_IRQHandlerv
                0x0000000008005110                _Z15SPI2_IRQHandlerv
                0x0000000008005110                _Z25TIM8_BRK_TIM12_IRQHandlerv
                0x0000000008005110                _Z18I2C1_EV_IRQHandlerv
                0x0000000008005110                _Z20RTC_Alarm_IRQHandlerv
                0x0000000008005110                _Z17OTG_HS_IRQHandlerv
                0x0000000008005110                _Z16UART4_IRQHandlerv
                0x0000000008005110                _Z19RTC_WKUP_IRQHandlerv
                0x0000000008005110                _Z18I2C3_ER_IRQHandlerv
                0x0000000008005110                _Z24TIM1_BRK_TIM9_IRQHandlerv
                0x0000000008005110                _Z18I2C2_ER_IRQHandlerv
                0x0000000008005110                _Z19TIM6_DAC_IRQHandlerv
                0x0000000008005110                _Z29TIM1_TRG_COM_TIM11_IRQHandlerv
                0x0000000008005110                _Z19CAN2_SCE_IRQHandlerv
                0x0000000008005110                _Z18CAN2_TX_IRQHandlerv
                0x0000000008005110                _Z16UART5_IRQHandlerv
                0x0000000008005110                Default_Handler
                0x0000000008005110                _Z18TIM1_CC_IRQHandlerv
                0x0000000008005110                _Z15TIM2_IRQHandlerv
                0x0000000008005110                _Z18I2C3_EV_IRQHandlerv
                0x0000000008005110                _Z19ETH_WKUP_IRQHandlerv
                0x0000000008005110                _Z23DMA2_Stream7_IRQHandlerv
                0x0000000008005110                _Z18TIM8_CC_IRQHandlerv
                0x0000000008005110                _Z16FLASH_IRQHandlerv
                0x0000000008005110                _Z22OTG_FS_WKUP_IRQHandlerv
                0x0000000008005110                _Z24TIM8_UP_TIM13_IRQHandlerv
                0x0000000008005110                _Z15FSMC_IRQHandlerv
                0x0000000008005110                _Z19CAN1_RX1_IRQHandlerv
                0x0000000008005110                _Z16EXTI3_IRQHandlerv
                0x0000000008005110                _Z22OTG_HS_WKUP_IRQHandlerv
                0x0000000008005110                _Z14FPU_IRQHandlerv
                0x0000000008005110                _Z23DMA2_Stream0_IRQHandlerv
                0x0000000008005110                _Z14PVD_IRQHandlerv
                0x0000000008005110                _Z23DMA2_Stream2_IRQHandlerv
                0x0000000008005110                _Z23DMA1_Stream4_IRQHandlerv
                0x0000000008005110                _Z18I2C1_ER_IRQHandlerv
                0x0000000008005110                _Z15TIM3_IRQHandlerv
                0x0000000008005110                _Z23DMA2_Stream4_IRQHandlerv
                0x0000000008005110                _Z19CAN2_RX0_IRQHandlerv
                0x0000000008005110                _Z24TIM1_UP_TIM10_IRQHandlerv
                0x0000000008005110                _Z17OTG_FS_IRQHandlerv
                0x0000000008005110                _Z18I2C2_EV_IRQHandlerv
                0x0000000008005110                _Z14ETH_IRQHandlerv
                0x0000000008005110                _Z15SPI3_IRQHandlerv
                0x0000000008005110                _Z15TIM4_IRQHandlerv
                0x0000000008005110                _Z24OTG_HS_EP1_IN_IRQHandlerv
                0x0000000008005110                _Z16EXTI0_IRQHandlerv
                0x0000000008005110                _Z18EXTI9_5_IRQHandlerv
                0x0000000008005110                _Z15TIM7_IRQHandlerv
 .text._Z15program_startupv
                0x0000000008005114       0x5c miosix/arch/cortexM4_stm32f4/stm32f407vg_stm32f4discovery/core/stage_1_boot.o
                0x0000000008005114                _Z15program_startupv
 .text._Z13Reset_Handlerv
                0x0000000008005170       0x24 miosix/arch/cortexM4_stm32f4/stm32f407vg_stm32f4discovery/core/stage_1_boot.o
                0x0000000008005170                _Z13Reset_Handlerv
 .text._ZN6miosixL20IRQaddToSleepingListEPNS_9SleepDataE.constprop.0
                0x0000000008005194       0x4c miosix/libmiosix.a(kernel.o)
 .text._Z8errorLogPKcz
                0x00000000080051e0       0x1c miosix/libmiosix.a(kernel.o)
                0x00000000080051e0                _Z8errorLogPKcz
 .text._ZN6miosix17disableInterruptsEv
                0x00000000080051fc       0x24 miosix/libmiosix.a(kernel.o)
                0x00000000080051fc                _ZN6miosix17disableInterruptsEv
 .text._ZN6miosix16enableInterruptsEv
                0x0000000008005220       0x28 miosix/libmiosix.a(kernel.o)
                0x0000000008005220                _ZN6miosix16enableInterruptsEv
 .text._ZN6miosix11pauseKernelEv
                0x0000000008005248       0x28 miosix/libmiosix.a(kernel.o)
                0x0000000008005248                _ZN6miosix11pauseKernelEv
 .text._ZN6miosix13restartKernelEv
                0x0000000008005270       0x40 miosix/libmiosix.a(kernel.o)
                0x0000000008005270                _ZN6miosix13restartKernelEv
 .text._ZN6miosix10idleThreadEPv
                0x00000000080052b0       0x28 miosix/libmiosix.a(kernel.o)
                0x00000000080052b0                _ZN6miosix10idleThreadEPv
 .text._ZN6miosix20areInterruptsEnabledEv
                0x00000000080052d8        0xc miosix/libmiosix.a(kernel.o)
                0x00000000080052d8                _ZN6miosix20areInterruptsEnabledEv
 .text._ZN6miosix13deepSleepLockEv
                0x00000000080052e4        0x4 miosix/libmiosix.a(kernel.o)
                0x00000000080052e4                _ZN6miosix13deepSleepLockEv
 .text._ZN6miosix15deepSleepUnlockEv
                0x00000000080052e8        0x4 miosix/libmiosix.a(kernel.o)
                0x00000000080052e8                _ZN6miosix15deepSleepUnlockEv
 .text._ZN6miosix14IRQwakeThreadsEx
                0x00000000080052ec       0x64 miosix/libmiosix.a(kernel.o)
                0x00000000080052ec                _ZN6miosix14IRQwakeThreadsEx
 .text._ZN6miosix6Thread5yieldEv
                0x0000000008005350        0x8 miosix/libmiosix.a(kernel.o)
                0x0000000008005350                _ZN6miosix6Thread5yieldEv
 .text._ZN6miosix6Thread14nanoSleepUntilEx
                0x0000000008005358       0x70 miosix/libmiosix.a(kernel.o)
                0x0000000008005358                _ZN6miosix6Thread14nanoSleepUntilEx
 .text._ZN6miosix6Thread5sleepEj
                0x00000000080053c8       0x1c miosix/libmiosix.a(kernel.o)
                0x00000000080053c8                _ZN6miosix6Thread5sleepEj
 .text._ZN6miosix6Thread7IRQwaitEv
                0x00000000080053e4       0x14 miosix/libmiosix.a(kernel.o)
                0x00000000080053e4                _ZN6miosix6Thread7IRQwaitEv
 .text._ZN6miosix6Thread6wakeupEv
                0x00000000080053f8       0x10 miosix/libmiosix.a(kernel.o)
                0x00000000080053f8                _ZN6miosix6Thread6wakeupEv
 .text._ZN6miosix6Thread8PKwakeupEv
                0x0000000008005408        0x4 miosix/libmiosix.a(kernel.o)
                0x0000000008005408                _ZN6miosix6Thread8PKwakeupEv
 .text._ZN6miosix6Thread9IRQwakeupEv
                0x000000000800540c        0xc miosix/libmiosix.a(kernel.o)
                0x000000000800540c                _ZN6miosix6Thread9IRQwakeupEv
 .text._ZN6miosix6Thread11getPriorityEv
                0x0000000008005418        0x4 miosix/libmiosix.a(kernel.o)
                0x0000000008005418                _ZN6miosix6Thread11getPriorityEv
 .text._ZN6miosix6Thread21IRQstackOverflowCheckEv
                0x000000000800541c       0x3c miosix/libmiosix.a(kernel.o)
                0x000000000800541c                _ZN6miosix6Thread21IRQstackOverflowCheckEv
 .text._ZN6miosix6ThreadC2EPjjb
                0x0000000008005458       0x88 miosix/libmiosix.a(kernel.o)
                0x0000000008005458                _ZN6miosix6ThreadC2EPjjb
                0x0000000008005458                _ZN6miosix6ThreadC1EPjjb
 .text._ZN6miosix6ThreadD2Ev
                0x00000000080054e0       0x38 miosix/libmiosix.a(kernel.o)
                0x00000000080054e0                _ZN6miosix6ThreadD1Ev
                0x00000000080054e0                _ZN6miosix6ThreadD2Ev
 .text._ZN6miosix6Thread8doCreateEPFPvS1_EjS1_tb
                0x0000000008005518       0x90 miosix/libmiosix.a(kernel.o)
                0x0000000008005518                _ZN6miosix6Thread8doCreateEPFPvS1_EjS1_tb
 .text._ZN6miosix6Thread14threadLauncherEPFPvS1_ES1_
                0x00000000080055a8       0x98 miosix/libmiosix.a(kernel.o)
                0x00000000080055a8                _ZN6miosix6Thread14threadLauncherEPFPvS1_ES1_
 .text._ZN6miosix6Thread23IRQenableIrqAndWaitImplEv
                0x0000000008005640       0x34 miosix/libmiosix.a(kernel.o)
                0x0000000008005640                _ZN6miosix6Thread23IRQenableIrqAndWaitImplEv
 .text._ZN6miosix6Thread22PKrestartKernelAndWaitERNS_15PauseKernelLockE
                0x0000000008005674       0x30 miosix/libmiosix.a(kernel.o)
                0x0000000008005674                _ZN6miosix6Thread22PKrestartKernelAndWaitERNS_15PauseKernelLockE
 .text._ZN6miosix6Thread18allocateIdleThreadEv
                0x00000000080056a4       0x3c miosix/libmiosix.a(kernel.o)
                0x00000000080056a4                _ZN6miosix6Thread18allocateIdleThreadEv
 .text._ZN6miosix6Thread19IRQgetCurrentThreadEv
                0x00000000080056e0       0x10 miosix/libmiosix.a(kernel.o)
                0x00000000080056e0                _ZN6miosix6Thread19IRQgetCurrentThreadEv
 .text._ZN6miosix6Thread9getCReentEv
                0x00000000080056f0       0x1c miosix/libmiosix.a(kernel.o)
                0x00000000080056f0                _ZN6miosix6Thread9getCReentEv
 .text._ZN6miosix11startKernelEv
                0x000000000800570c       0x68 miosix/libmiosix.a(kernel.o)
                0x000000000800570c                _ZN6miosix11startKernelEv
 .text.startup._GLOBAL__sub_I_ctxsave
                0x0000000008005774       0x10 miosix/libmiosix.a(kernel.o)
 .text._ZSt11__push_heapIN9__gnu_cxx17__normal_iteratorIPPN6miosix6ThreadESt6vectorIS4_SaIS4_EEEEiS4_NS0_5__ops14_Iter_comp_valINS2_UlS4_S4_E_EEEEvT_T0_SF_T1_RT2_.isra.0
                0x0000000008005784       0x6c miosix/libmiosix.a(sync.o)
 .text._ZSt13__adjust_heapIN9__gnu_cxx17__normal_iteratorIPPN6miosix6ThreadESt6vectorIS4_SaIS4_EEEEiS4_NS0_5__ops15_Iter_comp_iterINS2_UlS4_S4_E_EEEEvT_T0_SF_T1_T2_.isra.0
                0x00000000080057f0       0xa8 miosix/libmiosix.a(sync.o)
 .text._ZSt11__make_heapIN9__gnu_cxx17__normal_iteratorIPPN6miosix6ThreadESt6vectorIS4_SaIS4_EEEENS0_5__ops15_Iter_comp_iterINS2_UlS4_S4_E_EEEEvT_SE_RT0_.isra.0
                0x0000000008005898       0x34 miosix/libmiosix.a(sync.o)
 .text._ZN6miosix5MutexC2ENS0_7OptionsE
                0x00000000080058cc       0x1c miosix/libmiosix.a(sync.o)
                0x00000000080058cc                _ZN6miosix5MutexC1ENS0_7OptionsE
                0x00000000080058cc                _ZN6miosix5MutexC2ENS0_7OptionsE
 .text._ZN6miosix5Mutex8PKunlockERNS_15PauseKernelLockE
                0x00000000080058e8      0x180 miosix/libmiosix.a(sync.o)
                0x00000000080058e8                _ZN6miosix5Mutex8PKunlockERNS_15PauseKernelLockE
 .text._ZNSt6vectorIPN6miosix6ThreadESaIS2_EE17_M_realloc_insertIJRKS2_EEEvN9__gnu_cxx17__normal_iteratorIPS2_S4_EEDpOT_
                0x0000000008005a68       0xcc miosix/libmiosix.a(sync.o)
                0x0000000008005a68                _ZNSt6vectorIPN6miosix6ThreadESaIS2_EE17_M_realloc_insertIJRKS2_EEEvN9__gnu_cxx17__normal_iteratorIPS2_S4_EEDpOT_
 .text._ZN6miosix5Mutex6PKlockERNS_15PauseKernelLockE
                0x0000000008005b34       0xe8 miosix/libmiosix.a(sync.o)
                0x0000000008005b34                _ZN6miosix5Mutex6PKlockERNS_15PauseKernelLockE
 .text._ZN6miosix17intrusive_ref_ptrINS_6DeviceEE5resetEv
                0x0000000008005c1c       0x2c miosix/libmiosix.a(error.o)
                0x0000000008005c1c                _ZN6miosix17intrusive_ref_ptrINS_6DeviceEE5resetEv
 .text._ZN6miosix12errorHandlerENS_5ErrorE
                0x0000000008005c48      0x25c miosix/libmiosix.a(error.o)
                0x0000000008005c48                _ZN6miosix12errorHandlerENS_5ErrorE
 .text._Z7bootlogPKcz
                0x0000000008005ea4       0x1c miosix/libmiosix.a(stage_2_boot.o)
                0x0000000008005ea4                _Z7bootlogPKcz
 .text._ZN6miosix10mainLoaderEPv
                0x0000000008005ec0      0x110 miosix/libmiosix.a(stage_2_boot.o)
                0x0000000008005ec0                _ZN6miosix10mainLoaderEPv
 .text._init    0x0000000008005fd0       0xa8 miosix/libmiosix.a(stage_2_boot.o)
                0x0000000008005fd0                _init
 .text._ZN6miosix17IntrusiveListBase10push_frontEPNS_17IntrusiveListItemE
                0x0000000008006078       0x14 miosix/libmiosix.a(intrusive.o)
                0x0000000008006078                _ZN6miosix17IntrusiveListBase10push_frontEPNS_17IntrusiveListItemE
 .text._ZN6miosix17IntrusiveListBase6insertEPNS_17IntrusiveListItemES2_
                0x000000000800608c       0x20 miosix/libmiosix.a(intrusive.o)
                0x000000000800608c                _ZN6miosix17IntrusiveListBase6insertEPNS_17IntrusiveListItemES2_
 .text._ZN6miosix17IntrusiveListBase5eraseEPNS_17IntrusiveListItemE
                0x00000000080060ac       0x2c miosix/libmiosix.a(intrusive.o)
                0x00000000080060ac                _ZN6miosix17IntrusiveListBase5eraseEPNS_17IntrusiveListItemE
 .text._ZN6miosixL20IRQsetNextPreemptionEb
                0x00000000080060d8       0x60 miosix/libmiosix.a(priority_scheduler.o)
 .text._ZN6miosix17PriorityScheduler11PKaddThreadEPNS_6ThreadENS_25PrioritySchedulerPriorityE
                0x0000000008006138       0x30 miosix/libmiosix.a(priority_scheduler.o)
                0x0000000008006138                _ZN6miosix17PriorityScheduler11PKaddThreadEPNS_6ThreadENS_25PrioritySchedulerPriorityE
 .text._ZN6miosix17PriorityScheduler19PKremoveDeadThreadsEv
                0x0000000008006168       0xb0 miosix/libmiosix.a(priority_scheduler.o)
                0x0000000008006168                _ZN6miosix17PriorityScheduler19PKremoveDeadThreadsEv
 .text._ZN6miosix17PriorityScheduler13PKsetPriorityEPNS_6ThreadENS_25PrioritySchedulerPriorityE
                0x0000000008006218       0x88 miosix/libmiosix.a(priority_scheduler.o)
                0x0000000008006218                _ZN6miosix17PriorityScheduler13PKsetPriorityEPNS_6ThreadENS_25PrioritySchedulerPriorityE
 .text._ZN6miosix17PriorityScheduler16IRQsetIdleThreadEPNS_6ThreadE
                0x00000000080062a0       0x10 miosix/libmiosix.a(priority_scheduler.o)
                0x00000000080062a0                _ZN6miosix17PriorityScheduler16IRQsetIdleThreadEPNS_6ThreadE
 .text._ZN6miosix17PriorityScheduler20IRQgetNextPreemptionEv
                0x00000000080062b0        0xc miosix/libmiosix.a(priority_scheduler.o)
                0x00000000080062b0                _ZN6miosix17PriorityScheduler20IRQgetNextPreemptionEv
 .text._ZN6miosix17PriorityScheduler17IRQfindNextThreadEv
                0x00000000080062bc       0x70 miosix/libmiosix.a(priority_scheduler.o)
                0x00000000080062bc                _ZN6miosix17PriorityScheduler17IRQfindNextThreadEv
 .text._ZN6miosix14TerminalDevice5lseekExi
                0x000000000800632c        0xc miosix/libmiosix.a(console_device.o)
                0x000000000800632c                _ZN6miosix14TerminalDevice5lseekExi
 .text._ZNK6miosix14TerminalDevice6isattyEv
                0x0000000008006338        0x8 miosix/libmiosix.a(console_device.o)
                0x0000000008006338                _ZNK6miosix14TerminalDevice6isattyEv
 .text._ZNK6miosix14TerminalDevice5fstatEP4stat
                0x0000000008006340        0x8 miosix/libmiosix.a(console_device.o)
                0x0000000008006340                _ZNK6miosix14TerminalDevice5fstatEP4stat
 .text._ZN6miosix14TerminalDevice5writeEPKvj
                0x0000000008006348       0xa4 miosix/libmiosix.a(console_device.o)
                0x0000000008006348                _ZN6miosix14TerminalDevice5writeEPKvj
 .text._ZN6miosix14TerminalDevice5ioctlEiPv
                0x00000000080063ec       0x68 miosix/libmiosix.a(console_device.o)
                0x00000000080063ec                _ZN6miosix14TerminalDevice5ioctlEiPv
 .text._ZN6miosix14DefaultConsoleD2Ev
                0x0000000008006454       0x2c miosix/libmiosix.a(console_device.o)
                0x0000000008006454                _ZN6miosix14DefaultConsoleD2Ev
                0x0000000008006454                _ZN6miosix14DefaultConsoleD1Ev
 .text._ZN6miosix14TerminalDeviceD0Ev
                0x0000000008006480       0x48 miosix/libmiosix.a(console_device.o)
                0x0000000008006480                _ZN6miosix14TerminalDeviceD0Ev
 .text._ZN6miosix14TerminalDeviceD2Ev
                0x00000000080064c8       0x40 miosix/libmiosix.a(console_device.o)
                0x00000000080064c8                _ZN6miosix14TerminalDeviceD1Ev
                0x00000000080064c8                _ZN6miosix14TerminalDeviceD2Ev
 .text._ZN6miosix9FastMutexC2ENS0_7OptionsE
                0x0000000008006508       0x3c miosix/libmiosix.a(console_device.o)
                0x0000000008006508                _ZN6miosix9FastMutexC2ENS0_7OptionsE
                0x0000000008006508                _ZN6miosix9FastMutexC1ENS0_7OptionsE
 .text._ZN6miosix14TerminalDeviceC2ENS_17intrusive_ref_ptrINS_6DeviceEEE
                0x0000000008006544       0xc8 miosix/libmiosix.a(console_device.o)
                0x0000000008006544                _ZN6miosix14TerminalDeviceC2ENS_17intrusive_ref_ptrINS_6DeviceEEE
                0x0000000008006544                _ZN6miosix14TerminalDeviceC1ENS_17intrusive_ref_ptrINS_6DeviceEEE
 .text._ZN6miosix14TerminalDevice8echoBackEPKcS2_j
                0x000000000800660c       0x4c miosix/libmiosix.a(console_device.o)
                0x000000000800660c                _ZN6miosix14TerminalDevice8echoBackEPKcS2_j
 .text._ZN6miosix14TerminalDevice9normalizeEPcii
                0x0000000008006658       0xf8 miosix/libmiosix.a(console_device.o)
                0x0000000008006658                _ZN6miosix14TerminalDevice9normalizeEPcii
 .text._ZN6miosix14TerminalDevice4readEPvj
                0x0000000008006750       0xb0 miosix/libmiosix.a(console_device.o)
                0x0000000008006750                _ZN6miosix14TerminalDevice4readEPvj
 .text._ZN6miosix14DefaultConsole6IRQsetENS_17intrusive_ref_ptrINS_6DeviceEEE
                0x0000000008006800       0x74 miosix/libmiosix.a(console_device.o)
                0x0000000008006800                _ZN6miosix14DefaultConsole6IRQsetENS_17intrusive_ref_ptrINS_6DeviceEEE
 .text._ZN6miosix14DefaultConsoleC2Ev
                0x0000000008006874       0x34 miosix/libmiosix.a(console_device.o)
                0x0000000008006874                _ZN6miosix14DefaultConsoleC2Ev
                0x0000000008006874                _ZN6miosix14DefaultConsoleC1Ev
 .text._ZN6miosix14DefaultConsole8instanceEv
                0x00000000080068a8       0x50 miosix/libmiosix.a(console_device.o)
                0x00000000080068a8                _ZN6miosix14DefaultConsole8instanceEv
 .text._ZN6miosix9DevFsFile5lseekExi
                0x00000000080068f8       0x54 miosix/libmiosix.a(devfs.o)
                0x00000000080068f8                _ZN6miosix9DevFsFile5lseekExi
 .text._ZNK6miosix6Device6isattyEv
                0x000000000800694c        0x4 miosix/libmiosix.a(devfs.o)
                0x000000000800694c                _ZNK6miosix6Device6isattyEv
 .text._ZN6miosix6Device10writeBlockEPKvjx
                0x0000000008006950        0x4 miosix/libmiosix.a(devfs.o)
                0x0000000008006950                _ZN6miosix6Device10writeBlockEPKvjx
 .text._ZN6miosix6Device8IRQwriteEPKc
                0x0000000008006954        0x4 miosix/libmiosix.a(devfs.o)
                0x0000000008006954                _ZN6miosix6Device8IRQwriteEPKc
 .text._ZN6miosix6Device5ioctlEiPv
                0x0000000008006958        0x8 miosix/libmiosix.a(devfs.o)
                0x0000000008006958                _ZN6miosix6Device5ioctlEiPv
 .text._ZN6miosix6DeviceD2Ev
                0x0000000008006960        0x4 miosix/libmiosix.a(devfs.o)
                0x0000000008006960                _ZN6miosix6DeviceD1Ev
                0x0000000008006960                _ZN6miosix6DeviceD2Ev
 .text._ZN6miosix5DevFs5mkdirERNS_10StringPartEi
                0x0000000008006964        0x8 miosix/libmiosix.a(devfs.o)
                0x0000000008006964                _ZN6miosix5DevFs5mkdirERNS_10StringPartEi
 .text._ZN6miosix5DevFs5rmdirERNS_10StringPartE
                0x000000000800696c        0x8 miosix/libmiosix.a(devfs.o)
                0x000000000800696c                _ZN6miosix5DevFs5rmdirERNS_10StringPartE
 .text._ZN6miosix6DeviceD0Ev
                0x0000000008006974       0x10 miosix/libmiosix.a(devfs.o)
                0x0000000008006974                _ZN6miosix6DeviceD0Ev
 .text._ZN6miosix6Device9readBlockEPvjx
                0x0000000008006984       0x10 miosix/libmiosix.a(devfs.o)
                0x0000000008006984                _ZN6miosix6Device9readBlockEPvjx
 .text._ZNK6miosix9DevFsFile5fstatEP4stat
                0x0000000008006994       0x34 miosix/libmiosix.a(devfs.o)
                0x0000000008006994                _ZNK6miosix9DevFsFile5fstatEP4stat
 .text._ZN6miosix9DevFsFile5ioctlEiPv
                0x00000000080069c8       0x24 miosix/libmiosix.a(devfs.o)
                0x00000000080069c8                _ZN6miosix9DevFsFile5ioctlEiPv
 .text._ZN6miosix9DevFsFile5writeEPKvj
                0x00000000080069ec       0x6c miosix/libmiosix.a(devfs.o)
                0x00000000080069ec                _ZN6miosix9DevFsFile5writeEPKvj
 .text._ZN6miosix9DevFsFile4readEPvj
                0x0000000008006a58       0x74 miosix/libmiosix.a(devfs.o)
                0x0000000008006a58                _ZN6miosix9DevFsFile4readEPvj
 .text._ZNK6miosix9DevFsFile6isattyEv
                0x0000000008006acc       0x18 miosix/libmiosix.a(devfs.o)
                0x0000000008006acc                _ZNK6miosix9DevFsFile6isattyEv
 .text._ZN6miosix14DevFsDirectoryD0Ev
                0x0000000008006ae4       0x5c miosix/libmiosix.a(devfs.o)
                0x0000000008006ae4                _ZN6miosix14DevFsDirectoryD0Ev
 .text._ZN6miosix14DevFsDirectoryD2Ev
                0x0000000008006b40       0x54 miosix/libmiosix.a(devfs.o)
                0x0000000008006b40                _ZN6miosix14DevFsDirectoryD2Ev
                0x0000000008006b40                _ZN6miosix14DevFsDirectoryD1Ev
 .text._ZN6miosix9DevFsFileD2Ev
                0x0000000008006b94       0x38 miosix/libmiosix.a(devfs.o)
                0x0000000008006b94                _ZN6miosix9DevFsFileD1Ev
                0x0000000008006b94                _ZN6miosix9DevFsFileD2Ev
 .text._ZN6miosix9DevFsFileD0Ev
                0x0000000008006bcc       0x40 miosix/libmiosix.a(devfs.o)
                0x0000000008006bcc                _ZN6miosix9DevFsFileD0Ev
 .text._ZNK6miosix6Device5fstatEP4stat
                0x0000000008006c0c       0x34 miosix/libmiosix.a(devfs.o)
                0x0000000008006c0c                _ZNK6miosix6Device5fstatEP4stat
 .text._ZN6miosix17intrusive_ref_ptrINS_8FileBaseEEaSERKS2_
                0x0000000008006c40       0x4c miosix/libmiosix.a(devfs.o)
                0x0000000008006c40                _ZN6miosix17intrusive_ref_ptrINS_8FileBaseEEaSERKS2_
 .text._ZN6miosix17intrusive_ref_ptrINS_14FilesystemBaseEE5resetEv
                0x0000000008006c8c       0x2c miosix/libmiosix.a(devfs.o)
                0x0000000008006c8c                _ZN6miosix17intrusive_ref_ptrINS_14FilesystemBaseEE5resetEv
 .text._ZN6miosix6Device4openERNS_17intrusive_ref_ptrINS_8FileBaseEEENS1_INS_14FilesystemBaseEEEii
                0x0000000008006cb8      0x194 miosix/libmiosix.a(devfs.o)
                0x0000000008006cb8                _ZN6miosix6Device4openERNS_17intrusive_ref_ptrINS_8FileBaseEEENS1_INS_14FilesystemBaseEEEii
 .text._ZNSt8_Rb_treeIN6miosix10StringPartESt4pairIKS1_NS0_17intrusive_ref_ptrINS0_6DeviceEEEESt10_Select1stIS7_ESt4lessIS1_ESaIS7_EE4findERS3_
                0x0000000008006e4c       0x60 miosix/libmiosix.a(devfs.o)
                0x0000000008006e4c                _ZNSt8_Rb_treeIN6miosix10StringPartESt4pairIKS1_NS0_17intrusive_ref_ptrINS0_6DeviceEEEESt10_Select1stIS7_ESt4lessIS1_ESaIS7_EE4findERS3_
 .text._ZN6miosix5DevFs5lstatERNS_10StringPartEP4stat
                0x0000000008006eac       0xa4 miosix/libmiosix.a(devfs.o)
                0x0000000008006eac                _ZN6miosix5DevFs5lstatERNS_10StringPartEP4stat
 .text._ZNSt8_Rb_treeIN6miosix10StringPartESt4pairIKS1_NS0_17intrusive_ref_ptrINS0_6DeviceEEEESt10_Select1stIS7_ESt4lessIS1_ESaIS7_EE8_M_eraseEPSt13_Rb_tree_nodeIS7_E
                0x0000000008006f50       0x4c miosix/libmiosix.a(devfs.o)
                0x0000000008006f50                _ZNSt8_Rb_treeIN6miosix10StringPartESt4pairIKS1_NS0_17intrusive_ref_ptrINS0_6DeviceEEEESt10_Select1stIS7_ESt4lessIS1_ESaIS7_EE8_M_eraseEPSt13_Rb_tree_nodeIS7_E
 .text._ZN6miosix5DevFsD2Ev
                0x0000000008006f9c       0x28 miosix/libmiosix.a(devfs.o)
                0x0000000008006f9c                _ZN6miosix5DevFsD1Ev
                0x0000000008006f9c                _ZN6miosix5DevFsD2Ev
 .text._ZN6miosix5DevFsD0Ev
                0x0000000008006fc4       0x30 miosix/libmiosix.a(devfs.o)
                0x0000000008006fc4                _ZN6miosix5DevFsD0Ev
 .text._ZNSt8_Rb_treeIN6miosix10StringPartESt4pairIKS1_NS0_17intrusive_ref_ptrINS0_6DeviceEEEESt10_Select1stIS7_ESt4lessIS1_ESaIS7_EE17_M_emplace_uniqueIJS2_IS1_S6_EEEES2_ISt17_Rb_tree_iteratorIS7_EbEDpOT_
                0x0000000008006ff4      0x180 miosix/libmiosix.a(devfs.o)
                0x0000000008006ff4                _ZNSt8_Rb_treeIN6miosix10StringPartESt4pairIKS1_NS0_17intrusive_ref_ptrINS0_6DeviceEEEESt10_Select1stIS7_ESt4lessIS1_ESaIS7_EE17_M_emplace_uniqueIJS2_IS1_S6_EEEES2_ISt17_Rb_tree_iteratorIS7_EbEDpOT_
 .text._ZN6miosix5DevFs9addDeviceEPKcNS_17intrusive_ref_ptrINS_6DeviceEEE
                0x0000000008007174       0xf4 miosix/libmiosix.a(devfs.o)
                0x0000000008007174                _ZN6miosix5DevFs9addDeviceEPKcNS_17intrusive_ref_ptrINS_6DeviceEEE
 .text._ZN6miosix5DevFsC2Ev
                0x0000000008007268      0x110 miosix/libmiosix.a(devfs.o)
                0x0000000008007268                _ZN6miosix5DevFsC2Ev
                0x0000000008007268                _ZN6miosix5DevFsC1Ev
 .text._ZNSt8_Rb_treeIN6miosix10StringPartESt4pairIKS1_NS0_17intrusive_ref_ptrINS0_6DeviceEEEESt10_Select1stIS7_ESt4lessIS1_ESaIS7_EE5eraseERS3_
                0x0000000008007378      0x15c miosix/libmiosix.a(devfs.o)
                0x0000000008007378                _ZNSt8_Rb_treeIN6miosix10StringPartESt4pairIKS1_NS0_17intrusive_ref_ptrINS0_6DeviceEEEESt10_Select1stIS7_ESt4lessIS1_ESaIS7_EE5eraseERS3_
 .text._ZN6miosix5DevFs6unlinkERNS_10StringPartE
                0x00000000080074d4       0x3c miosix/libmiosix.a(devfs.o)
                0x00000000080074d4                _ZN6miosix5DevFs6unlinkERNS_10StringPartE
 .text._ZN6miosix5DevFs6renameERNS_10StringPartES2_
                0x0000000008007510      0x128 miosix/libmiosix.a(devfs.o)
                0x0000000008007510                _ZN6miosix5DevFs6renameERNS_10StringPartES2_
 .text._ZNSs6assignEPKcj
                0x0000000008007638      0x174 miosix/libmiosix.a(devfs.o)
                0x0000000008007638                _ZNSs6assignEPKcj
 .text._ZN6miosix14DevFsDirectory8getdentsEPvi
                0x00000000080077ac      0x164 miosix/libmiosix.a(devfs.o)
                0x00000000080077ac                _ZN6miosix14DevFsDirectory8getdentsEPvi
 .text._ZN6miosix5DevFs4openERNS_17intrusive_ref_ptrINS_8FileBaseEEERNS_10StringPartEii
                0x0000000008007910      0x2d8 miosix/libmiosix.a(devfs.o)
                0x0000000008007910                _ZN6miosix5DevFs4openERNS_17intrusive_ref_ptrINS_8FileBaseEEERNS_10StringPartEii
 .text._ZN6miosixL24kernelNotStartedGetReentEv
                0x0000000008007be8        0xc miosix/libmiosix.a(libc_integration.o)
 .text._ZN6miosix22setCReentrancyCallbackEPFP6_reentvE
                0x0000000008007bf4        0xc miosix/libmiosix.a(libc_integration.o)
                0x0000000008007bf4                _ZN6miosix22setCReentrancyCallbackEPFP6_reentvE
 .text.__register_exitproc
                0x0000000008007c00        0x4 miosix/libmiosix.a(libc_integration.o)
                0x0000000008007c00                __register_exitproc
 .text._exit    0x0000000008007c04        0x8 miosix/libmiosix.a(libc_integration.o)
                0x0000000008007c04                _exit
 .text._sbrk_r  0x0000000008007c0c       0x34 miosix/libmiosix.a(libc_integration.o)
                0x0000000008007c0c                _sbrk_r
 .text.__malloc_lock
                0x0000000008007c40        0x4 miosix/libmiosix.a(libc_integration.o)
                0x0000000008007c40                __malloc_lock
 .text.__malloc_unlock
                0x0000000008007c44        0x4 miosix/libmiosix.a(libc_integration.o)
                0x0000000008007c44                __malloc_unlock
 .text.__getreent
                0x0000000008007c48        0xc miosix/libmiosix.a(libc_integration.o)
                0x0000000008007c48                __getreent
 .text._close_r
                0x0000000008007c54       0x3c miosix/libmiosix.a(libc_integration.o)
                0x0000000008007c54                _close_r
 .text._kill_r  0x0000000008007c90       0x10 miosix/libmiosix.a(libc_integration.o)
                0x0000000008007c90                _kill_r
 .text._getpid_r
                0x0000000008007ca0        0x4 miosix/libmiosix.a(libc_integration.o)
                0x0000000008007ca0                _getpid_r
 .text._ZN6miosix11atomic_loadINS_8FileBaseEEENS_17intrusive_ref_ptrIT_EEPKS4_
                0x0000000008007ca4       0x48 miosix/libmiosix.a(libc_integration.o)
                0x0000000008007ca4                _ZN6miosix11atomic_loadINS_8FileBaseEEENS_17intrusive_ref_ptrIT_EEPKS4_
 .text._ZN6miosix17intrusive_ref_ptrINS_8FileBaseEE5resetEv
                0x0000000008007cec       0x2c miosix/libmiosix.a(libc_integration.o)
                0x0000000008007cec                _ZN6miosix17intrusive_ref_ptrINS_8FileBaseEE5resetEv
 .text._write_r
                0x0000000008007d18       0xac miosix/libmiosix.a(libc_integration.o)
                0x0000000008007d18                _write_r
 .text.write    0x0000000008007dc4       0x24 miosix/libmiosix.a(libc_integration.o)
                0x0000000008007dc4                write
 .text._read_r  0x0000000008007de8       0xac miosix/libmiosix.a(libc_integration.o)
                0x0000000008007de8                _read_r
 .text._lseek_r
                0x0000000008007e94       0xb0 miosix/libmiosix.a(libc_integration.o)
                0x0000000008007e94                _lseek_r
 .text._fstat_r
                0x0000000008007f44       0x98 miosix/libmiosix.a(libc_integration.o)
                0x0000000008007f44                _fstat_r
 .text._isatty_r
                0x0000000008007fdc       0x90 miosix/libmiosix.a(libc_integration.o)
                0x0000000008007fdc                _isatty_r
 .text._ioctl_r
                0x000000000800806c       0x9c miosix/libmiosix.a(libc_integration.o)
                0x000000000800806c                _ioctl_r
 .text.ioctl    0x0000000008008108       0x24 miosix/libmiosix.a(libc_integration.o)
                0x0000000008008108                ioctl
 .text.__cxa_get_globals_fast
                0x000000000800812c        0xc miosix/libmiosix.a(libstdcpp_integration.o)
                0x000000000800812c                __cxa_get_globals_fast
 .text.__cxa_get_globals
                0x0000000008008138        0xc miosix/libmiosix.a(libstdcpp_integration.o)
                0x0000000008008138                __cxa_get_globals
 .text._ZN9__gnu_cxx27__verbose_terminate_handlerEv
                0x0000000008008144       0x14 miosix/libmiosix.a(libstdcpp_integration.o)
                0x0000000008008144                _ZN9__gnu_cxx27__verbose_terminate_handlerEv
 .text.__cxa_guard_acquire
                0x0000000008008158       0xcc miosix/libmiosix.a(libstdcpp_integration.o)
                0x0000000008008158                __cxa_guard_acquire
 .text.__cxa_guard_release
                0x0000000008008224       0x14 miosix/libmiosix.a(libstdcpp_integration.o)
                0x0000000008008224                __cxa_guard_release
 .text.__cxa_guard_abort
                0x0000000008008238       0x14 miosix/libmiosix.a(libstdcpp_integration.o)
                0x0000000008008238                __cxa_guard_abort
 .text._ZN6miosix15MemoryProfiling11getHeapSizeEv
                0x000000000800824c       0x10 miosix/libmiosix.a(util.o)
                0x000000000800824c                _ZN6miosix15MemoryProfiling11getHeapSizeEv
 .text._ZN6miosix15MemoryProfiling18getCurrentFreeHeapEv
                0x000000000800825c       0x28 miosix/libmiosix.a(util.o)
                0x000000000800825c                _ZN6miosix15MemoryProfiling18getCurrentFreeHeapEv
 .text._ZN6miosix16getMiosixVersionEv
                0x0000000008008284        0x8 miosix/libmiosix.a(version.o)
                0x0000000008008284                _ZN6miosix16getMiosixVersionEv
 .text._ZN6miosix8shutdownEv
                0x000000000800828c       0x1c miosix/libmiosix.a(bsp.o)
                0x000000000800828c                _ZN6miosix8shutdownEv
 .text._ZN6miosix6rebootEv
                0x00000000080082a8       0x20 miosix/libmiosix.a(bsp.o)
                0x00000000080082a8                _ZN6miosix6rebootEv
 .text._ZN6miosix10IRQbspInitEv
                0x00000000080082c8       0xdc miosix/libmiosix.a(bsp.o)
                0x00000000080082c8                _ZN6miosix10IRQbspInitEv
 .text._ZN6miosix8bspInit2Ev
                0x00000000080083a4       0xcc miosix/libmiosix.a(bsp.o)
                0x00000000080083a4                _ZN6miosix8bspInit2Ev
 .text._Z17HardFault_Handlerv
                0x0000000008008470       0x3c miosix/libmiosix.a(interrupts_cortexMx.o)
                0x0000000008008470                _Z17HardFault_Handlerv
 .text._Z17MemManage_Handlerv
                0x00000000080084ac       0x3c miosix/libmiosix.a(interrupts_cortexMx.o)
                0x00000000080084ac                _Z17MemManage_Handlerv
 .text._Z16BusFault_Handlerv
                0x00000000080084e8       0x3c miosix/libmiosix.a(interrupts_cortexMx.o)
                0x00000000080084e8                _Z16BusFault_Handlerv
 .text._Z18UsageFault_Handlerv
                0x0000000008008524       0x3c miosix/libmiosix.a(interrupts_cortexMx.o)
                0x0000000008008524                _Z18UsageFault_Handlerv
 .text._Z19unexpectedInterruptv
                0x0000000008008560       0x64 miosix/libmiosix.a(interrupts_cortexMx.o)
                0x0000000008008560                _Z19unexpectedInterruptv
 .text._Z11NMI_Handlerv
                0x00000000080085c4       0x64 miosix/libmiosix.a(interrupts_cortexMx.o)
                0x00000000080085c4                _Z11NMI_Handlerv
 .text._ZL16printUnsignedIntj
                0x0000000008008628       0x88 miosix/libmiosix.a(interrupts_cortexMx.o)
 .text._Z16DebugMon_Handlerv
                0x00000000080086b0       0x70 miosix/libmiosix.a(interrupts_cortexMx.o)
                0x00000000080086b0                _Z16DebugMon_Handlerv
 .text._Z14PendSV_Handlerv
                0x0000000008008720       0x70 miosix/libmiosix.a(interrupts_cortexMx.o)
                0x0000000008008720                _Z14PendSV_Handlerv
 .text._Z14HardFault_implv
                0x0000000008008790      0x128 miosix/libmiosix.a(interrupts_cortexMx.o)
                0x0000000008008790                _Z14HardFault_implv
 .text._Z14MemManage_implv
                0x00000000080088b8      0x288 miosix/libmiosix.a(interrupts_cortexMx.o)
                0x00000000080088b8                _Z14MemManage_implv
 .text._Z15UsageFault_implv
                0x0000000008008b40      0x298 miosix/libmiosix.a(interrupts_cortexMx.o)
                0x0000000008008b40                _Z15UsageFault_implv
 .text._Z13BusFault_implv
                0x0000000008008dd8      0x2e8 miosix/libmiosix.a(interrupts_cortexMx.o)
                0x0000000008008dd8                _Z13BusFault_implv
 .text._ZN6miosix11STM32SerialD2Ev
                0x00000000080090c0       0xf0 miosix/libmiosix.a(serial_stm32.o)
                0x00000000080090c0                _ZN6miosix11STM32SerialD1Ev
                0x00000000080090c0                _ZN6miosix11STM32SerialD2Ev
 .text._ZN6miosix11STM32SerialD0Ev
                0x00000000080091b0       0x14 miosix/libmiosix.a(serial_stm32.o)
                0x00000000080091b0                _ZN6miosix11STM32SerialD0Ev
 .text._ZN6miosix11STM32Serial8IRQwriteEPKc
                0x00000000080091c4       0x3c miosix/libmiosix.a(serial_stm32.o)
                0x00000000080091c4                _ZN6miosix11STM32Serial8IRQwriteEPKc
 .text._ZN6miosix11STM32Serial5ioctlEiPv
                0x0000000008009200       0x5c miosix/libmiosix.a(serial_stm32.o)
                0x0000000008009200                _ZN6miosix11STM32Serial5ioctlEiPv
 .text._ZN6miosix11STM32Serial9readBlockEPvjx
                0x000000000800925c       0xac miosix/libmiosix.a(serial_stm32.o)
                0x000000000800925c                _ZN6miosix11STM32Serial9readBlockEPvjx
 .text._Z17USART1_IRQHandlerv
                0x0000000008009308       0x3c miosix/libmiosix.a(serial_stm32.o)
                0x0000000008009308                _Z17USART1_IRQHandlerv
 .text._Z17USART2_IRQHandlerv
                0x0000000008009344       0x3c miosix/libmiosix.a(serial_stm32.o)
                0x0000000008009344                _Z17USART2_IRQHandlerv
 .text._Z17USART3_IRQHandlerv
                0x0000000008009380       0x3c miosix/libmiosix.a(serial_stm32.o)
                0x0000000008009380                _Z17USART3_IRQHandlerv
 .text._Z23DMA1_Stream3_IRQHandlerv
                0x00000000080093bc       0x3c miosix/libmiosix.a(serial_stm32.o)
                0x00000000080093bc                _Z23DMA1_Stream3_IRQHandlerv
 .text._Z23DMA1_Stream1_IRQHandlerv
                0x00000000080093f8       0x3c miosix/libmiosix.a(serial_stm32.o)
                0x00000000080093f8                _Z23DMA1_Stream1_IRQHandlerv
 .text._ZN6miosix11STM32Serial10commonInitEiiNS_7GpioPinES1_S1_S1_
                0x0000000008009434      0x1f0 miosix/libmiosix.a(serial_stm32.o)
                0x0000000008009434                _ZN6miosix11STM32Serial10commonInitEiiNS_7GpioPinES1_S1_S1_
 .text._ZN6miosix11STM32SerialC2EiiNS0_8FlowCtrlE
                0x0000000008009624      0x254 miosix/libmiosix.a(serial_stm32.o)
                0x0000000008009624                _ZN6miosix11STM32SerialC2EiiNS0_8FlowCtrlE
                0x0000000008009624                _ZN6miosix11STM32SerialC1EiiNS0_8FlowCtrlE
 .text._ZN6miosix11STM32Serial14IRQhandleDMAtxEv
                0x0000000008009878       0x38 miosix/libmiosix.a(serial_stm32.o)
                0x0000000008009878                _ZN6miosix11STM32Serial14IRQhandleDMAtxEv
 .text._Z15usart3txDmaImplv
                0x00000000080098b0       0x1c miosix/libmiosix.a(serial_stm32.o)
                0x00000000080098b0                _Z15usart3txDmaImplv
 .text._ZN6miosix11STM32Serial19waitDmaTxCompletionEv
                0x00000000080098cc       0x38 miosix/libmiosix.a(serial_stm32.o)
                0x00000000080098cc                _ZN6miosix11STM32Serial19waitDmaTxCompletionEv
 .text._ZN6miosix11STM32Serial8writeDmaEPKcj
                0x0000000008009904       0x38 miosix/libmiosix.a(serial_stm32.o)
                0x0000000008009904                _ZN6miosix11STM32Serial8writeDmaEPKcj
 .text._ZN6miosix11STM32Serial10writeBlockEPKvjx
                0x000000000800993c       0xd0 miosix/libmiosix.a(serial_stm32.o)
                0x000000000800993c                _ZN6miosix11STM32Serial10writeBlockEPKvjx
 .text._ZN6miosix11STM32Serial10IRQreadDmaEv
                0x0000000008009a0c       0x80 miosix/libmiosix.a(serial_stm32.o)
                0x0000000008009a0c                _ZN6miosix11STM32Serial10IRQreadDmaEv
 .text._ZN6miosix11STM32Serial14IRQhandleDMArxEv
                0x0000000008009a8c       0x3c miosix/libmiosix.a(serial_stm32.o)
                0x0000000008009a8c                _ZN6miosix11STM32Serial14IRQhandleDMArxEv
 .text._Z15usart3rxDmaImplv
                0x0000000008009ac8       0x10 miosix/libmiosix.a(serial_stm32.o)
                0x0000000008009ac8                _Z15usart3rxDmaImplv
 .text._ZN6miosix11STM32Serial18IRQhandleInterruptEv
                0x0000000008009ad8       0xa8 miosix/libmiosix.a(serial_stm32.o)
                0x0000000008009ad8                _ZN6miosix11STM32Serial18IRQhandleInterruptEv
 .text._Z13usart1irqImplv
                0x0000000008009b80       0x10 miosix/libmiosix.a(serial_stm32.o)
                0x0000000008009b80                _Z13usart1irqImplv
 .text._Z13usart2irqImplv
                0x0000000008009b90       0x10 miosix/libmiosix.a(serial_stm32.o)
                0x0000000008009b90                _Z13usart2irqImplv
 .text._Z13usart3irqImplv
                0x0000000008009ba0       0x10 miosix/libmiosix.a(serial_stm32.o)
                0x0000000008009ba0                _Z13usart3irqImplv
 .text._Z11SVC_Handlerv
                0x0000000008009bb0       0x3c miosix/libmiosix.a(portability.o)
                0x0000000008009bb0                _Z11SVC_Handlerv
 .text._ZN14miosix_private9ISR_yieldEv
                0x0000000008009bec       0x10 miosix/libmiosix.a(portability.o)
                0x0000000008009bec                _ZN14miosix_private9ISR_yieldEv
 .text._ZN14miosix_private15IRQsystemRebootEv
                0x0000000008009bfc       0x24 miosix/libmiosix.a(portability.o)
                0x0000000008009bfc                _ZN14miosix_private15IRQsystemRebootEv
 .text._ZN14miosix_private11initCtxsaveEPjPFPvS1_ES0_S1_
                0x0000000008009c20       0x38 miosix/libmiosix.a(portability.o)
                0x0000000008009c20                _ZN14miosix_private11initCtxsaveEPjPFPvS1_ES0_S1_
 .text._ZN14miosix_private22IRQportableStartKernelEv
                0x0000000008009c58       0x4c miosix/libmiosix.a(portability.o)
                0x0000000008009c58                _ZN14miosix_private22IRQportableStartKernelEv
 .text._ZN6miosix7delayMsEj
                0x0000000008009ca4       0x1c miosix/libmiosix.a(delays.o)
                0x0000000008009ca4                _ZN6miosix7delayMsEj
 .text._ZN6miosix7delayUsEj
                0x0000000008009cc0       0x18 miosix/libmiosix.a(delays.o)
                0x0000000008009cc0                _ZN6miosix7delayUsEj
 .text._ZN6miosix8GpioBase8modeImplEjhNS_4Mode5Mode_E
                0x0000000008009cd8       0x4c miosix/libmiosix.a(gpio_impl.o)
                0x0000000008009cd8                _ZN6miosix8GpioBase8modeImplEjhNS_4Mode5Mode_E
 .text._ZN6miosix8GpioBase6afImplEjhh
                0x0000000008009d24       0x4c miosix/libmiosix.a(gpio_impl.o)
                0x0000000008009d24                _ZN6miosix8GpioBase6afImplEjhh
 .text._ZN6miosix17intrusive_ref_ptrINS_10SDIODriverEED2Ev
                0x0000000008009d70       0x2c miosix/libmiosix.a(sd_stm32f2_f4_f7.o)
                0x0000000008009d70                _ZN6miosix17intrusive_ref_ptrINS_10SDIODriverEED2Ev
                0x0000000008009d70                _ZN6miosix17intrusive_ref_ptrINS_10SDIODriverEED1Ev
 .text._ZN6miosixL22dmaTransferCommonSetupEPKh
                0x0000000008009d9c       0x44 miosix/libmiosix.a(sd_stm32f2_f4_f7.o)
 .text._ZN6miosix9FastMutexD2Ev
                0x0000000008009de0        0xc miosix/libmiosix.a(sd_stm32f2_f4_f7.o)
                0x0000000008009de0                _ZN6miosix9FastMutexD2Ev
                0x0000000008009de0                _ZN6miosix9FastMutexD1Ev
 .text._ZN6miosix10SDIODriverD2Ev
                0x0000000008009dec       0x1c miosix/libmiosix.a(sd_stm32f2_f4_f7.o)
                0x0000000008009dec                _ZN6miosix10SDIODriverD1Ev
                0x0000000008009dec                _ZN6miosix10SDIODriverD2Ev
 .text._ZN6miosix10SDIODriverD0Ev
                0x0000000008009e08       0x24 miosix/libmiosix.a(sd_stm32f2_f4_f7.o)
                0x0000000008009e08                _ZN6miosix10SDIODriverD0Ev
 .text._ZN6miosix15BufferConverter13toWordAlignedEPKh.part.0
                0x0000000008009e2c       0x34 miosix/libmiosix.a(sd_stm32f2_f4_f7.o)
 .text._ZN6miosix9CmdResult18validateR1ResponseEv.part.0
                0x0000000008009e60       0x14 miosix/libmiosix.a(sd_stm32f2_f4_f7.o)
 .text._Z23DMA2_Stream3_IRQHandlerv
                0x0000000008009e74       0x3c miosix/libmiosix.a(sd_stm32f2_f4_f7.o)
                0x0000000008009e74                _Z23DMA2_Stream3_IRQHandlerv
 .text._Z15SDIO_IRQHandlerv
                0x0000000008009eb0       0x3c miosix/libmiosix.a(sd_stm32f2_f4_f7.o)
                0x0000000008009eb0                _Z15SDIO_IRQHandlerv
 .text._ZN6miosix12SDDMAirqImplEv
                0x0000000008009eec       0x50 miosix/libmiosix.a(sd_stm32f2_f4_f7.o)
                0x0000000008009eec                _ZN6miosix12SDDMAirqImplEv
 .text._ZN6miosix9SDirqImplEv
                0x0000000008009f3c       0x54 miosix/libmiosix.a(sd_stm32f2_f4_f7.o)
                0x0000000008009f3c                _ZN6miosix9SDirqImplEv
 .text._ZN6miosix15BufferConverter16toOriginalBufferEv
                0x0000000008009f90       0x1c miosix/libmiosix.a(sd_stm32f2_f4_f7.o)
                0x0000000008009f90                _ZN6miosix15BufferConverter16toOriginalBufferEv
 .text._ZN6miosix7Command4sendENS0_11CommandTypeEj
                0x0000000008009fac      0x12c miosix/libmiosix.a(sd_stm32f2_f4_f7.o)
                0x0000000008009fac                _ZN6miosix7Command4sendENS0_11CommandTypeEj
 .text._ZN6miosixL16waitForCardReadyEv
                0x000000000800a0d8       0x4c miosix/libmiosix.a(sd_stm32f2_f4_f7.o)
 .text._ZN6miosix10SDIODriver5ioctlEiPv
                0x000000000800a124       0x38 miosix/libmiosix.a(sd_stm32f2_f4_f7.o)
                0x000000000800a124                _ZN6miosix10SDIODriver5ioctlEiPv
 .text._ZN6miosix15ClockController19calibrateClockSpeedEPNS_10SDIODriverE
                0x000000000800a15c       0xd8 miosix/libmiosix.a(sd_stm32f2_f4_f7.o)
                0x000000000800a15c                _ZN6miosix15ClockController19calibrateClockSpeedEPNS_10SDIODriverE
 .text._ZN6miosix15ClockController16reduceClockSpeedEv
                0x000000000800a234       0x50 miosix/libmiosix.a(sd_stm32f2_f4_f7.o)
                0x000000000800a234                _ZN6miosix15ClockController16reduceClockSpeedEv
 .text._ZN6miosixL17multipleBlockReadEPhjj
                0x000000000800a284      0x138 miosix/libmiosix.a(sd_stm32f2_f4_f7.o)
 .text._ZN6miosix10SDIODriver9readBlockEPvjx
                0x000000000800a3bc      0x16c miosix/libmiosix.a(sd_stm32f2_f4_f7.o)
                0x000000000800a3bc                _ZN6miosix10SDIODriver9readBlockEPvjx
 .text._ZN6miosixL18multipleBlockWriteEPKhjj
                0x000000000800a528      0x190 miosix/libmiosix.a(sd_stm32f2_f4_f7.o)
 .text._ZN6miosix10SDIODriver10writeBlockEPKvjx
                0x000000000800a6b8      0x158 miosix/libmiosix.a(sd_stm32f2_f4_f7.o)
                0x000000000800a6b8                _ZN6miosix10SDIODriver10writeBlockEPKvjx
 .text._ZN6miosix10SDIODriverC2Ev
                0x000000000800a810      0x290 miosix/libmiosix.a(sd_stm32f2_f4_f7.o)
                0x000000000800a810                _ZN6miosix10SDIODriverC1Ev
                0x000000000800a810                _ZN6miosix10SDIODriverC2Ev
 .text._ZN6miosix10SDIODriver8instanceEv
                0x000000000800aaa0      0x12c miosix/libmiosix.a(sd_stm32f2_f4_f7.o)
                0x000000000800aaa0                _ZN6miosix10SDIODriver8instanceEv
 .text._ZN6miosix7getTimeEv
                0x000000000800abcc       0x44 miosix/libmiosix.a(stm32f2_f4_l4_f7_h7_os_timer.o)
                0x000000000800abcc                _ZN6miosix7getTimeEv
 .text._ZN6miosix10IRQgetTimeEv
                0x000000000800ac10       0x40 miosix/libmiosix.a(stm32f2_f4_l4_f7_h7_os_timer.o)
                0x000000000800ac10                _ZN6miosix10IRQgetTimeEv
 .text._ZN6miosix8internal14IRQosTimerInitEv
                0x000000000800ac50       0x98 miosix/libmiosix.a(stm32f2_f4_l4_f7_h7_os_timer.o)
                0x000000000800ac50                _ZN6miosix8internal14IRQosTimerInitEv
 .text._ZN6miosix8internal22IRQosTimerSetInterruptEx
                0x000000000800ace8       0x70 miosix/libmiosix.a(stm32f2_f4_l4_f7_h7_os_timer.o)
                0x000000000800ace8                _ZN6miosix8internal22IRQosTimerSetInterruptEx
 .text._ZN6miosix8internal19osTimerGetFrequencyEv
                0x000000000800ad58       0x28 miosix/libmiosix.a(stm32f2_f4_l4_f7_h7_os_timer.o)
                0x000000000800ad58                _ZN6miosix8internal19osTimerGetFrequencyEv
 .text._Z15TIM5_IRQHandlerv
                0x000000000800ad80       0x3c miosix/libmiosix.a(stm32f2_f4_l4_f7_h7_os_timer.o)
                0x000000000800ad80                _Z15TIM5_IRQHandlerv
 .text._Z11osTimerImplv
                0x000000000800adbc       0xd0 miosix/libmiosix.a(stm32f2_f4_l4_f7_h7_os_timer.o)
                0x000000000800adbc                _Z11osTimerImplv
 .text.startup._GLOBAL__sub_I__ZN6miosix7getTimeEv
                0x000000000800ae8c       0x24 miosix/libmiosix.a(stm32f2_f4_l4_f7_h7_os_timer.o)
 .text.SystemInit
                0x000000000800aeb0       0xfc miosix/libmiosix.a(system_stm32f4xx.o)
                0x000000000800aeb0                SystemInit
 .text.pthread_mutexattr_init
                0x000000000800afac        0x8 miosix/libmiosix.a(pthread.o)
                0x000000000800afac                pthread_mutexattr_init
 .text.pthread_mutexattr_destroy
                0x000000000800afb4        0x4 miosix/libmiosix.a(pthread.o)
                0x000000000800afb4                pthread_mutexattr_destroy
 .text.pthread_mutexattr_settype
                0x000000000800afb8       0x14 miosix/libmiosix.a(pthread.o)
                0x000000000800afb8                pthread_mutexattr_settype
 .text.pthread_mutex_init
                0x000000000800afcc       0x24 miosix/libmiosix.a(pthread.o)
                0x000000000800afcc                pthread_mutex_init
 .text.pthread_mutex_destroy
                0x000000000800aff0        0xc miosix/libmiosix.a(pthread.o)
                0x000000000800aff0                pthread_mutex_destroy
 .text.pthread_mutex_lock
                0x000000000800affc       0x74 miosix/libmiosix.a(pthread.o)
                0x000000000800affc                pthread_mutex_lock
 .text.pthread_mutex_unlock
                0x000000000800b070       0x50 miosix/libmiosix.a(pthread.o)
                0x000000000800b070                pthread_mutex_unlock
 .text.pthread_setcancelstate
                0x000000000800b0c0        0x4 miosix/libmiosix.a(pthread.o)
                0x000000000800b0c0                pthread_setcancelstate
 .text._ZN6miosix11mul64x32d32Eyjj
                0x000000000800b0c4       0x28 miosix/libmiosix.a(timeconversion.o)
                0x000000000800b0c4                _ZN6miosix11mul64x32d32Eyjj
 .text._ZN6miosix14TimeConversion7ns2tickEx
                0x000000000800b0ec      0x168 miosix/libmiosix.a(timeconversion.o)
                0x000000000800b0ec                _ZN6miosix14TimeConversion7ns2tickEx
 .text._ZN6miosix14TimeConversionC2Ev
                0x000000000800b254       0x2c miosix/libmiosix.a(timeconversion.o)
                0x000000000800b254                _ZN6miosix14TimeConversionC2Ev
                0x000000000800b254                _ZN6miosix14TimeConversionC1Ev
 .text._ZNK6miosix14TimeConversion21computeRoundTripErrorEyi
                0x000000000800b280       0x50 miosix/libmiosix.a(timeconversion.o)
                0x000000000800b280                _ZNK6miosix14TimeConversion21computeRoundTripErrorEyi
 .text._ZN6miosix14TimeConversion13floatToFactorEf
                0x000000000800b2d0       0x28 miosix/libmiosix.a(timeconversion.o)
                0x000000000800b2d0                _ZN6miosix14TimeConversion13floatToFactorEf
 .text._ZN6miosix14TimeConversionC2Ej
                0x000000000800b2f8      0x1d4 miosix/libmiosix.a(timeconversion.o)
                0x000000000800b2f8                _ZN6miosix14TimeConversionC2Ej
                0x000000000800b2f8                _ZN6miosix14TimeConversionC1Ej
 .text.unlikely._ZNSs4_Rep10_M_disposeERKSaIcE.isra.0.part.0
                0x000000000800b4cc       0x26 miosix/libmiosix.a(file_access.o)
 *fill*         0x000000000800b4f2        0x2 
 .text._ZN6miosix19FileDescriptorTable8closeAllEv
                0x000000000800b4f4       0x40 miosix/libmiosix.a(file_access.o)
                0x000000000800b4f4                _ZN6miosix19FileDescriptorTable8closeAllEv
 .text._ZN6miosix17FilesystemManager8instanceEv
                0x000000000800b534       0x64 miosix/libmiosix.a(file_access.o)
                0x000000000800b534                _ZN6miosix17FilesystemManager8instanceEv
 .text._ZN6miosix19FileDescriptorTableD2Ev
                0x000000000800b598       0x74 miosix/libmiosix.a(file_access.o)
                0x000000000800b598                _ZN6miosix19FileDescriptorTableD1Ev
                0x000000000800b598                _ZN6miosix19FileDescriptorTableD2Ev
 .text._ZN6miosix17FilesystemManager15getFilesystemIdEv
                0x000000000800b60c       0x18 miosix/libmiosix.a(file_access.o)
                0x000000000800b60c                _ZN6miosix17FilesystemManager15getFilesystemIdEv
 .text._ZN6miosix19FileDescriptorTable5closeEi
                0x000000000800b624       0x90 miosix/libmiosix.a(file_access.o)
                0x000000000800b624                _ZN6miosix19FileDescriptorTable5closeEi
 .text._ZN6miosix17intrusive_ref_ptrINS_14FilesystemBaseEEaSERKS2_
                0x000000000800b6b4       0x4c miosix/libmiosix.a(file_access.o)
                0x000000000800b6b4                _ZN6miosix17intrusive_ref_ptrINS_14FilesystemBaseEEaSERKS2_
 .text._ZNSs4swapERSs
                0x000000000800b700       0x2c miosix/libmiosix.a(file_access.o)
                0x000000000800b700                _ZNSs4swapERSs
 .text._ZNSt8_Rb_treeIN6miosix10StringPartESt4pairIKS1_NS0_17intrusive_ref_ptrINS0_14FilesystemBaseEEEESt10_Select1stIS7_ESt4lessIS1_ESaIS7_EE8_M_eraseEPSt13_Rb_tree_nodeIS7_E
                0x000000000800b72c       0x4c miosix/libmiosix.a(file_access.o)
                0x000000000800b72c                _ZNSt8_Rb_treeIN6miosix10StringPartESt4pairIKS1_NS0_17intrusive_ref_ptrINS0_14FilesystemBaseEEEESt10_Select1stIS7_ESt4lessIS1_ESaIS7_EE8_M_eraseEPSt13_Rb_tree_nodeIS7_E
 .text._ZN6miosix17FilesystemManagerD2Ev
                0x000000000800b778       0x3c miosix/libmiosix.a(file_access.o)
                0x000000000800b778                _ZN6miosix17FilesystemManagerD1Ev
                0x000000000800b778                _ZN6miosix17FilesystemManagerD2Ev
 .text._ZNKSt8_Rb_treeIN6miosix10StringPartESt4pairIKS1_NS0_17intrusive_ref_ptrINS0_14FilesystemBaseEEEESt10_Select1stIS7_ESt4lessIS1_ESaIS7_EE4findERS3_
                0x000000000800b7b4       0x60 miosix/libmiosix.a(file_access.o)
                0x000000000800b7b4                _ZNKSt8_Rb_treeIN6miosix10StringPartESt4pairIKS1_NS0_17intrusive_ref_ptrINS0_14FilesystemBaseEEEESt10_Select1stIS7_ESt4lessIS1_ESaIS7_EE4findERS3_
 .text._ZN6miosix14PathResolution15recursiveFindFsERSs
                0x000000000800b814       0xac miosix/libmiosix.a(file_access.o)
                0x000000000800b814                _ZN6miosix14PathResolution15recursiveFindFsERSs
 .text._ZNSt8_Rb_treeIN6miosix10StringPartESt4pairIKS1_NS0_17intrusive_ref_ptrINS0_14FilesystemBaseEEEESt10_Select1stIS7_ESt4lessIS1_ESaIS7_EE17_M_emplace_uniqueIJS2_IS1_S6_EEEES2_ISt17_Rb_tree_iteratorIS7_EbEDpOT_
                0x000000000800b8c0      0x180 miosix/libmiosix.a(file_access.o)
                0x000000000800b8c0                _ZNSt8_Rb_treeIN6miosix10StringPartESt4pairIKS1_NS0_17intrusive_ref_ptrINS0_14FilesystemBaseEEEESt10_Select1stIS7_ESt4lessIS1_ESaIS7_EE17_M_emplace_uniqueIJS2_IS1_S6_EEEES2_ISt17_Rb_tree_iteratorIS7_EbEDpOT_
 .text._ZNSs4_Rep9_S_createEjjRKSaIcE
                0x000000000800ba40       0x6c miosix/libmiosix.a(file_access.o)
                0x000000000800ba40                _ZNSs4_Rep9_S_createEjjRKSaIcE
 .text._ZNSsC2EPKcRKSaIcE
                0x000000000800baac       0x6c miosix/libmiosix.a(file_access.o)
                0x000000000800baac                _ZNSsC1EPKcRKSaIcE
                0x000000000800baac                _ZNSsC2EPKcRKSaIcE
 .text._ZN6miosix19FileDescriptorTableC2Ev
                0x000000000800bb18      0x124 miosix/libmiosix.a(file_access.o)
                0x000000000800bb18                _ZN6miosix19FileDescriptorTableC2Ev
                0x000000000800bb18                _ZN6miosix19FileDescriptorTableC1Ev
 .text._ZN6miosix22getFileDescriptorTableEv
                0x000000000800bc3c       0x60 miosix/libmiosix.a(file_access.o)
                0x000000000800bc3c                _ZN6miosix22getFileDescriptorTableEv
 .text._ZN6miosix17FilesystemManager9umountAllEv
                0x000000000800bc9c       0x3c miosix/libmiosix.a(file_access.o)
                0x000000000800bc9c                _ZN6miosix17FilesystemManager9umountAllEv
 .text._ZNSs4_Rep8_M_cloneERKSaIcEj
                0x000000000800bcd8       0x58 miosix/libmiosix.a(file_access.o)
                0x000000000800bcd8                _ZNSs4_Rep8_M_cloneERKSaIcEj
 .text._ZNSs7reserveEj
                0x000000000800bd30       0x78 miosix/libmiosix.a(file_access.o)
                0x000000000800bd30                _ZNSs7reserveEj
 .text._ZNSs6appendEPKcj
                0x000000000800bda8       0xa8 miosix/libmiosix.a(file_access.o)
                0x000000000800bda8                _ZNSs6appendEPKcj
 .text._ZNSs6assignERKSs
                0x000000000800be50       0x88 miosix/libmiosix.a(file_access.o)
                0x000000000800be50                _ZNSs6assignERKSs
 .text._ZNSs9_M_mutateEjjj
                0x000000000800bed8      0x128 miosix/libmiosix.a(file_access.o)
                0x000000000800bed8                _ZNSs9_M_mutateEjjj
 .text._ZN6miosix14PathResolution15upPathComponentERSsj
                0x000000000800c000       0xb0 miosix/libmiosix.a(file_access.o)
                0x000000000800c000                _ZN6miosix14PathResolution15upPathComponentERSsj
 .text._ZNSs12_M_leak_hardEv
                0x000000000800c0b0       0x40 miosix/libmiosix.a(file_access.o)
                0x000000000800c0b0                _ZNSs12_M_leak_hardEv
 .text._ZNSs15_M_replace_safeEjjPKcj
                0x000000000800c0f0       0x30 miosix/libmiosix.a(file_access.o)
                0x000000000800c0f0                _ZNSs15_M_replace_safeEjjPKcj
 .text._ZNSs6insertEjPKcj
                0x000000000800c120      0x108 miosix/libmiosix.a(file_access.o)
                0x000000000800c120                _ZNSs6insertEjPKcj
 .text._ZN6miosix14PathResolution13followSymlinkERSs
                0x000000000800c228      0x2d8 miosix/libmiosix.a(file_access.o)
                0x000000000800c228                _ZN6miosix14PathResolution13followSymlinkERSs
 .text._ZN6miosix14PathResolution19normalPathComponentERSsb
                0x000000000800c500       0xe0 miosix/libmiosix.a(file_access.o)
                0x000000000800c500                _ZN6miosix14PathResolution19normalPathComponentERSsb
 .text._ZN6miosix14PathResolution11resolvePathERSsb
                0x000000000800c5e0      0x294 miosix/libmiosix.a(file_access.o)
                0x000000000800c5e0                _ZN6miosix14PathResolution11resolvePathERSsb
 .text._ZN6miosix17FilesystemManager11resolvePathERSsb
                0x000000000800c874       0xdc miosix/libmiosix.a(file_access.o)
                0x000000000800c874                _ZN6miosix17FilesystemManager11resolvePathERSsb
 .text._ZN6miosix17FilesystemManager10statHelperERSsP4statb
                0x000000000800c950       0x74 miosix/libmiosix.a(file_access.o)
                0x000000000800c950                _ZN6miosix17FilesystemManager10statHelperERSsP4statb
 .text._ZN6miosix17FilesystemManager6kmountEPKcNS_17intrusive_ref_ptrINS_14FilesystemBaseEEE
                0x000000000800c9c4      0x250 miosix/libmiosix.a(file_access.o)
                0x000000000800c9c4                _ZN6miosix17FilesystemManager6kmountEPKcNS_17intrusive_ref_ptrINS_14FilesystemBaseEEE
 .text._ZN6miosix20basicFilesystemSetupENS_17intrusive_ref_ptrINS_6DeviceEEE
                0x000000000800cc14      0x4d4 miosix/libmiosix.a(file_access.o)
                0x000000000800cc14                _ZN6miosix20basicFilesystemSetupENS_17intrusive_ref_ptrINS_6DeviceEEE
 .text._ZNK6miosix8FileBase6isattyEv
                0x000000000800d0e8        0x4 miosix/libmiosix.a(file.o)
                0x000000000800d0e8                _ZNK6miosix8FileBase6isattyEv
 .text._ZN6miosix8FileBase5fcntlEii
                0x000000000800d0ec       0x18 miosix/libmiosix.a(file.o)
                0x000000000800d0ec                _ZN6miosix8FileBase5fcntlEii
 .text._ZN6miosix8FileBase5ioctlEiPv
                0x000000000800d104        0x8 miosix/libmiosix.a(file.o)
                0x000000000800d104                _ZN6miosix8FileBase5ioctlEiPv
 .text._ZN6miosix8FileBase8getdentsEPvi
                0x000000000800d10c        0x8 miosix/libmiosix.a(file.o)
                0x000000000800d10c                _ZN6miosix8FileBase8getdentsEPvi
 .text._ZN6miosix13DirectoryBase5writeEPKvj
                0x000000000800d114        0x8 miosix/libmiosix.a(file.o)
                0x000000000800d114                _ZN6miosix13DirectoryBase4readEPvj
                0x000000000800d114                _ZN6miosix13DirectoryBase5writeEPKvj
 .text._ZN6miosix13DirectoryBase5lseekExi
                0x000000000800d11c        0xc miosix/libmiosix.a(file.o)
                0x000000000800d11c                _ZN6miosix13DirectoryBase5lseekExi
 .text._ZNK6miosix13DirectoryBase5fstatEP4stat
                0x000000000800d128        0x8 miosix/libmiosix.a(file.o)
                0x000000000800d128                _ZNK6miosix13DirectoryBase5fstatEP4stat
 .text._ZN6miosix14FilesystemBase8readlinkERNS_10StringPartERSs
                0x000000000800d130        0x8 miosix/libmiosix.a(file.o)
                0x000000000800d130                _ZN6miosix14FilesystemBase8readlinkERNS_10StringPartERSs
 .text._ZNK6miosix14FilesystemBase16supportsSymlinksEv
                0x000000000800d138        0x4 miosix/libmiosix.a(file.o)
                0x000000000800d138                _ZNK6miosix14FilesystemBase16supportsSymlinksEv
 .text._ZN6miosix14FilesystemBase13fileCloseHookEv.part.0
                0x000000000800d13c       0x1c miosix/libmiosix.a(file.o)
 .text._ZN6miosix8FileBaseC2ENS_17intrusive_ref_ptrINS_14FilesystemBaseEEE
                0x000000000800d158       0x40 miosix/libmiosix.a(file.o)
                0x000000000800d158                _ZN6miosix8FileBaseC2ENS_17intrusive_ref_ptrINS_14FilesystemBaseEEE
                0x000000000800d158                _ZN6miosix8FileBaseC1ENS_17intrusive_ref_ptrINS_14FilesystemBaseEEE
 .text._ZN6miosix8FileBaseD2Ev
                0x000000000800d198       0x50 miosix/libmiosix.a(file.o)
                0x000000000800d198                _ZN6miosix8FileBaseD1Ev
                0x000000000800d198                _ZN6miosix8FileBaseD2Ev
 .text._ZN6miosix13DirectoryBaseD2Ev
                0x000000000800d1e8       0x14 miosix/libmiosix.a(file.o)
                0x000000000800d1e8                _ZN6miosix13DirectoryBaseD2Ev
                0x000000000800d1e8                _ZN6miosix13DirectoryBaseD1Ev
 .text._ZN6miosix13DirectoryBaseD0Ev
                0x000000000800d1fc       0x1c miosix/libmiosix.a(file.o)
                0x000000000800d1fc                _ZN6miosix13DirectoryBaseD0Ev
 .text._ZN6miosix13DirectoryBase8addEntryEPPcS1_icRKNS_10StringPartE
                0x000000000800d218       0x50 miosix/libmiosix.a(file.o)
                0x000000000800d218                _ZN6miosix13DirectoryBase8addEntryEPPcS1_icRKNS_10StringPartE
 .text._ZN6miosix13DirectoryBase17addDefaultEntriesEPPcii
                0x000000000800d268       0x64 miosix/libmiosix.a(file.o)
                0x000000000800d268                _ZN6miosix13DirectoryBase17addDefaultEntriesEPPcii
 .text._ZN6miosix13DirectoryBase19addTerminatingEntryEPPcS1_
                0x000000000800d2cc       0x28 miosix/libmiosix.a(file.o)
                0x000000000800d2cc                _ZN6miosix13DirectoryBase19addTerminatingEntryEPPcS1_
 .text._ZN6miosix14FilesystemBaseC2Ev
                0x000000000800d2f4       0x20 miosix/libmiosix.a(file.o)
                0x000000000800d2f4                _ZN6miosix14FilesystemBaseC1Ev
                0x000000000800d2f4                _ZN6miosix14FilesystemBaseC2Ev
 .text._ZN6miosix14FilesystemBaseD2Ev
                0x000000000800d314        0x4 miosix/libmiosix.a(file.o)
                0x000000000800d314                _ZN6miosix14FilesystemBaseD1Ev
                0x000000000800d314                _ZN6miosix14FilesystemBaseD2Ev
 .text._ZN6miosix10StringPartC2EPcjj
                0x000000000800d318       0x70 miosix/libmiosix.a(stringpart.o)
                0x000000000800d318                _ZN6miosix10StringPartC1EPcjj
                0x000000000800d318                _ZN6miosix10StringPartC2EPcjj
 .text._ZN6miosix10StringPartC2EPKc
                0x000000000800d388       0x38 miosix/libmiosix.a(stringpart.o)
                0x000000000800d388                _ZN6miosix10StringPartC2EPKc
                0x000000000800d388                _ZN6miosix10StringPartC1EPKc
 .text._ZNK6miosix10StringPart5c_strEv
                0x000000000800d3c0       0x20 miosix/libmiosix.a(stringpart.o)
                0x000000000800d3c0                _ZNK6miosix10StringPart5c_strEv
 .text._ZNK6miosix10StringPart10findLastOfEc
                0x000000000800d3e0       0x20 miosix/libmiosix.a(stringpart.o)
                0x000000000800d3e0                _ZNK6miosix10StringPart10findLastOfEc
 .text._ZN6miosix10StringPart6assignERKS0_
                0x000000000800d400       0x38 miosix/libmiosix.a(stringpart.o)
                0x000000000800d400                _ZN6miosix10StringPart6assignERKS0_
 .text._ZN6miosix10StringPartC2ERKS0_
                0x000000000800d438       0x28 miosix/libmiosix.a(stringpart.o)
                0x000000000800d438                _ZN6miosix10StringPartC2ERKS0_
                0x000000000800d438                _ZN6miosix10StringPartC1ERKS0_
 .text._ZNK6miosix10StringPartixEj
                0x000000000800d460       0x38 miosix/libmiosix.a(stringpart.o)
                0x000000000800d460                _ZNK6miosix10StringPartixEj
 .text._ZN6miosix10StringPartC2ERSsjj
                0x000000000800d498       0x6c miosix/libmiosix.a(stringpart.o)
                0x000000000800d498                _ZN6miosix10StringPartC1ERSsjj
                0x000000000800d498                _ZN6miosix10StringPartC2ERSsjj
 .text._ZN6miosix10StringPart5clearEv
                0x000000000800d504       0xac miosix/libmiosix.a(stringpart.o)
                0x000000000800d504                _ZN6miosix10StringPart5clearEv
 .text._ZN6miosix10StringPartC2ERS0_jj
                0x000000000800d5b0       0xbc miosix/libmiosix.a(stringpart.o)
                0x000000000800d5b0                _ZN6miosix10StringPartC2ERS0_jj
                0x000000000800d5b0                _ZN6miosix10StringPartC1ERS0_jj
 .text._ZN6miosix12MountpointFs6unlinkERNS_10StringPartE
                0x000000000800d66c        0x8 miosix/libmiosix.a(mountpointfs.o)
                0x000000000800d66c                _ZN6miosix12MountpointFs6unlinkERNS_10StringPartE
 .text._ZN6miosix21MountpointFsDirectoryD0Ev
                0x000000000800d674       0x5c miosix/libmiosix.a(mountpointfs.o)
                0x000000000800d674                _ZN6miosix21MountpointFsDirectoryD0Ev
 .text._ZN6miosix21MountpointFsDirectoryD2Ev
                0x000000000800d6d0       0x54 miosix/libmiosix.a(mountpointfs.o)
                0x000000000800d6d0                _ZN6miosix21MountpointFsDirectoryD2Ev
                0x000000000800d6d0                _ZN6miosix21MountpointFsDirectoryD1Ev
 .text._ZNSt8_Rb_treeIN6miosix10StringPartESt4pairIKS1_iESt10_Select1stIS4_ESt4lessIS1_ESaIS4_EE8_M_eraseEPSt13_Rb_tree_nodeIS4_E
                0x000000000800d724       0x2c miosix/libmiosix.a(mountpointfs.o)
                0x000000000800d724                _ZNSt8_Rb_treeIN6miosix10StringPartESt4pairIKS1_iESt10_Select1stIS4_ESt4lessIS1_ESaIS4_EE8_M_eraseEPSt13_Rb_tree_nodeIS4_E
 .text._ZN6miosix12MountpointFsD2Ev
                0x000000000800d750       0x28 miosix/libmiosix.a(mountpointfs.o)
                0x000000000800d750                _ZN6miosix12MountpointFsD2Ev
                0x000000000800d750                _ZN6miosix12MountpointFsD1Ev
 .text._ZN6miosix12MountpointFsD0Ev
                0x000000000800d778       0x30 miosix/libmiosix.a(mountpointfs.o)
                0x000000000800d778                _ZN6miosix12MountpointFsD0Ev
 .text._ZNSt8_Rb_treeIN6miosix10StringPartESt4pairIKS1_iESt10_Select1stIS4_ESt4lessIS1_ESaIS4_EE4findERS3_
                0x000000000800d7a8       0x60 miosix/libmiosix.a(mountpointfs.o)
                0x000000000800d7a8                _ZNSt8_Rb_treeIN6miosix10StringPartESt4pairIKS1_iESt10_Select1stIS4_ESt4lessIS1_ESaIS4_EE4findERS3_
 .text._ZN6miosix12MountpointFs5lstatERNS_10StringPartEP4stat
                0x000000000800d808       0x80 miosix/libmiosix.a(mountpointfs.o)
                0x000000000800d808                _ZN6miosix12MountpointFs5lstatERNS_10StringPartEP4stat
 .text._ZN6miosix21MountpointFsDirectory8getdentsEPvi
                0x000000000800d888      0x108 miosix/libmiosix.a(mountpointfs.o)
                0x000000000800d888                _ZN6miosix21MountpointFsDirectory8getdentsEPvi
 .text._ZN6miosix12MountpointFs4openERNS_17intrusive_ref_ptrINS_8FileBaseEEERNS_10StringPartEii
                0x000000000800d990      0x298 miosix/libmiosix.a(mountpointfs.o)
                0x000000000800d990                _ZN6miosix12MountpointFs4openERNS_17intrusive_ref_ptrINS_8FileBaseEEERNS_10StringPartEii
 .text._ZNSt8_Rb_treeIN6miosix10StringPartESt4pairIKS1_iESt10_Select1stIS4_ESt4lessIS1_ESaIS4_EE14_M_insert_nodeEPSt18_Rb_tree_node_baseSC_PSt13_Rb_tree_nodeIS4_E
                0x000000000800dc28       0x4c miosix/libmiosix.a(mountpointfs.o)
                0x000000000800dc28                _ZNSt8_Rb_treeIN6miosix10StringPartESt4pairIKS1_iESt10_Select1stIS4_ESt4lessIS1_ESaIS4_EE14_M_insert_nodeEPSt18_Rb_tree_node_baseSC_PSt13_Rb_tree_nodeIS4_E
 .text._ZNSt8_Rb_treeIN6miosix10StringPartESt4pairIKS1_iESt10_Select1stIS4_ESt4lessIS1_ESaIS4_EE12_M_erase_auxESt23_Rb_tree_const_iteratorIS4_E
                0x000000000800dc74       0x24 miosix/libmiosix.a(mountpointfs.o)
                0x000000000800dc74                _ZNSt8_Rb_treeIN6miosix10StringPartESt4pairIKS1_iESt10_Select1stIS4_ESt4lessIS1_ESaIS4_EE12_M_erase_auxESt23_Rb_tree_const_iteratorIS4_E
 .text._ZN6miosix12MountpointFs5rmdirERNS_10StringPartE
                0x000000000800dc98      0x154 miosix/libmiosix.a(mountpointfs.o)
                0x000000000800dc98                _ZN6miosix12MountpointFs5rmdirERNS_10StringPartE
 .text._ZNSt8_Rb_treeIN6miosix10StringPartESt4pairIKS1_iESt10_Select1stIS4_ESt4lessIS1_ESaIS4_EE24_M_get_insert_unique_posERS3_
                0x000000000800ddec       0x94 miosix/libmiosix.a(mountpointfs.o)
                0x000000000800ddec                _ZNSt8_Rb_treeIN6miosix10StringPartESt4pairIKS1_iESt10_Select1stIS4_ESt4lessIS1_ESaIS4_EE24_M_get_insert_unique_posERS3_
 .text._ZNSt8_Rb_treeIN6miosix10StringPartESt4pairIKS1_iESt10_Select1stIS4_ESt4lessIS1_ESaIS4_EE22_M_emplace_hint_uniqueIJRKSt21piecewise_construct_tSt5tupleIJRS3_EESF_IJEEEEESt17_Rb_tree_iteratorIS4_ESt23_Rb_tree_const_iteratorIS4_EDpOT_
                0x000000000800de80      0x174 miosix/libmiosix.a(mountpointfs.o)